BL51 BANKED LINKER/LOCATER V6.00                                                        07/20/2017  09:51:39  PAGE 1


BL51 BANKED LINKER/LOCATER V6.00, INVOKED BY:
C:\KEIL_V5\C51\BIN\BL51.EXE .\absTask.obj, .\task.obj, .\setup.obj, .\mode.obj, .\Conf_tny.obj, .\PID.obj, .\FILTER.obj,
>>  .\DataScope_DP.obj, .\storage.obj, .\BUTTON.obj, .\LED.obj, .\MOTOR.obj, .\SERVO.obj, .\STEP_MOTOR.obj, .\RELAY.obj,
>>  .\ANGLE.obj, .\LCD1602.obj, .\74HC595.obj, .\LCD5510_V2.obj, .\fixedPulser.obj, .\ADC.obj, .\delay.obj, .\GPIO.obj, 
>> .\PCA.obj, .\stc15_pwm.obj, .\timer.obj, .\USART1.obj, .\stc15_eeprom.obj TO TestMode RTX51TINY RAMSIZE (256)


MEMORY MODEL: LARGE WITH FLOATING POINT ARITHMETIC


INPUT MODULES INCLUDED:
  .\absTask.obj (ABSTASK)
  .\task.obj (TASK)
  .\setup.obj (SETUP)
  .\mode.obj (MODE)
  .\Conf_tny.obj (?RTX51_TINY_KERNAL)
  .\PID.obj (PID)
  .\FILTER.obj (FILTER)
  .\DataScope_DP.obj (DATASCOPE_DP)
  .\storage.obj (STORAGE)
  .\BUTTON.obj (BUTTON)
  .\LED.obj (LED)
  .\MOTOR.obj (MOTOR)
  .\SERVO.obj (SERVO)
  .\STEP_MOTOR.obj (STEP_MOTOR)
  .\RELAY.obj (RELAY)
  .\ANGLE.obj (ANGLE)
  .\LCD1602.obj (LCD1602)
  .\74HC595.obj (74HC595)
  .\LCD5510_V2.obj (LCD5510_V2)
  .\fixedPulser.obj (FIXEDPULSER)
  .\ADC.obj (ADC)
  .\delay.obj (DELAY)
  .\GPIO.obj (GPIO)
  .\PCA.obj (PCA)
  .\stc15_pwm.obj (STC15_PWM)
  .\timer.obj (TIMER)
  .\USART1.obj (USART1)
  .\stc15_eeprom.obj (STC15_EEPROM)
  C:\KEIL_V5\C51\LIB\C51FPL.LIB (?C?FPADD)
  C:\KEIL_V5\C51\LIB\C51FPL.LIB (?C?FPMUL)
  C:\KEIL_V5\C51\LIB\C51FPL.LIB (?C?FPDIV)
  C:\KEIL_V5\C51\LIB\C51FPL.LIB (?C?FPCMP)
  C:\KEIL_V5\C51\LIB\C51FPL.LIB (?C?FCAST)
  C:\KEIL_V5\C51\LIB\C51FPL.LIB (?C?CASTF)
  C:\KEIL_V5\C51\LIB\C51FPL.LIB (?C?FPGETOPN)
  C:\KEIL_V5\C51\LIB\C51L.LIB (?C_STARTUP)
  C:\KEIL_V5\C51\LIB\C51L.LIB (?C?CLDPTR)
  C:\KEIL_V5\C51\LIB\C51L.LIB (?C?CLDOPTR)
  C:\KEIL_V5\C51\LIB\C51L.LIB (?C?CSTPTR)
  C:\KEIL_V5\C51\LIB\C51L.LIB (?C?CSTOPTR)
  C:\KEIL_V5\C51\LIB\C51L.LIB (?C?IMUL)
  C:\KEIL_V5\C51\LIB\C51L.LIB (?C?UIDIV)
  C:\KEIL_V5\C51\LIB\C51L.LIB (?C?IILDX)
  C:\KEIL_V5\C51\LIB\C51L.LIB (?C?ILDIX)
  C:\KEIL_V5\C51\LIB\C51L.LIB (?C?ILDOPTR)
  C:\KEIL_V5\C51\LIB\C51L.LIB (?C?LMUL)
  C:\KEIL_V5\C51\LIB\C51L.LIB (?C?ULDIV)
BL51 BANKED LINKER/LOCATER V6.00                                                      07/20/2017  09:51:39  PAGE 2


  C:\KEIL_V5\C51\LIB\C51L.LIB (?C?SLDIV)
  C:\KEIL_V5\C51\LIB\C51L.LIB (?C?LNEG)
  C:\KEIL_V5\C51\LIB\C51L.LIB (?C?ULCMP)
  C:\KEIL_V5\C51\LIB\C51L.LIB (?C?ULSHR)
  C:\KEIL_V5\C51\LIB\C51L.LIB (?C?LLDOPTR0)
  C:\KEIL_V5\C51\LIB\C51L.LIB (?C?LLDIXDATA)
  C:\KEIL_V5\C51\LIB\C51L.LIB (?C?LSTXDATA)
  C:\KEIL_V5\C51\LIB\C51L.LIB (?C?LSTKXDATA)
  C:\KEIL_V5\C51\LIB\C51L.LIB (?C_INIT)
  C:\KEIL_V5\C51\LIB\C51L.LIB (?C?LLDIDATA0)
  C:\KEIL_V5\C51\LIB\C51L.LIB (?C?LLDXDATA0)
  C:\KEIL_V5\C51\LIB\C51L.LIB (?C?LLDPDATA0)
  C:\KEIL_V5\C51\LIB\C51L.LIB (?C?LLDCODE0)


TASK TABLE OF MODULE:  TestMode (ABSTASK)

TASKID   PRIORITY   REG-BANK   SEGMENT NAME
-------------------------------------------
0        0          0          ?PR?TASKSTART?ABSTASK



LINK MAP OF MODULE:  TestMode (ABSTASK)


            TYPE    BASE      LENGTH    RELOCATION   SEGMENT NAME
            -----------------------------------------------------

            * * * * * * *   D A T A   M E M O R Y   * * * * * * *
            REG     0000H     0008H     ABSOLUTE     "REG BANK 0"
            DATA    0008H     0006H     ABSOLUTE     
            IDATA   000EH     0002H     UNIT         ?RTX?TASKSTATE?S
            IDATA   0010H     0001H     UNIT         ?RTX?TASKSP?S
                    0011H     000FH                  *** GAP ***
            BIT     0020H.0   0000H.4   UNIT         ?BI?BUTTON
            BIT     0020H.4   0000H.3   UNIT         ?BI?PCA
            BIT     0020H.7   0000H.1   UNIT         ?RTX?BITS
            BIT     0021H.0   0000H.1   UNIT         ?BI?LED
            BIT     0021H.1   0000H.1   UNIT         ?BI?GETANGLE?ANGLE
            BIT     0021H.2   0000H.1   UNIT         ?BI?_SETPINSTATE?GPIO
                    0021H.3   0000H.5                *** GAP ***
            IDATA   0022H     0001H     UNIT         ?STACK

            * * * * * * *  X D A T A   M E M O R Y  * * * * * * *
            XDATA   0000H     028CH     UNIT         ?XD?USART1
            XDATA   028CH     0072H     UNIT         ?XD?PID
            XDATA   02FEH     004AH     UNIT         ?XD?SERVO
            XDATA   0348H     003CH     UNIT         ?XD?STC15_PWM
            XDATA   0384H     002AH     UNIT         ?XD?DATASCOPE_DP
            XDATA   03AEH     0021H     UNIT         ?XD?_INIT_STR_MOTOR?SERVO
            XDATA   03CFH     001FH     UNIT         ?XD?FIXEDPULSER
            XDATA   03EEH     001CH     UNIT         ?XD?STEP_MOTOR
            XDATA   040AH     0016H     UNIT         ?XD?TIMER
            XDATA   0420H     0016H     UNIT         _XDATA_GROUP_
            XDATA   0436H     0015H     UNIT         ?XD?GETANGLE?ANGLE
            XDATA   044BH     0015H     UNIT         ?XD?PCA
BL51 BANKED LINKER/LOCATER V6.00                                                      07/20/2017  09:51:39  PAGE 3


            XDATA   0460H     0012H     UNIT         ?XD?DC_MOTOR_CONFIG?MOTOR
            XDATA   0472H     0012H     UNIT         ?XD?PULSERINIT?FIXEDPULSER
            XDATA   0484H     0011H     UNIT         ?XD?TIMERINIT?TIMER
            XDATA   0495H     0010H     UNIT         ?XD?_FILTER?FILTER
            XDATA   04A5H     000DH     UNIT         ?XD?_PID_CONFIG?PID
            XDATA   04B2H     000AH     UNIT         ?XD?_FLOAT2BYTE?DATASCOPE_DP
            XDATA   04BCH     0009H     UNIT         ?XD?_SET_STR_ANGLE?SERVO
            XDATA   04C5H     0008H     UNIT         ?XD?_STEPMOTOR_INIT?STEP_MOTOR
            XDATA   04CDH     0008H     UNIT         ?XD?ANGLE
            XDATA   04D5H     0007H     UNIT         ?XD?_SETPULSE?FIXEDPULSER
            XDATA   04DCH     0007H     UNIT         ?XD?_EEPROM_READ_N?STC15_EEPROM
            XDATA   04E3H     0007H     UNIT         ?XD?_EEPROM_WRITE_N?STC15_EEPROM
            XDATA   04EAH     0006H     UNIT         ?XD?_SENDSCOPEDATA?DATASCOPE_DP
            XDATA   04F0H     0006H     UNIT         ?XD?_SETSTEPMOTORWITHANGLE?STEP_MOTOR
            XDATA   04F6H     0006H     UNIT         ?XD?_ADC_CONFIG?ANGLE
            XDATA   04FCH     0005H     UNIT         ?XD?_SETPARAMETERINFERIORLIMIT?PID
            XDATA   0501H     0005H     UNIT         ?XD?_SETPARAMETERUPPERLIMIT?PID
            XDATA   0506H     0005H     UNIT         ?XD?_SETACTUALPARAMETER?PID
            XDATA   050BH     0005H     UNIT         ?XD?_SETKI?PID
            XDATA   0510H     0005H     UNIT         ?XD?_SETKP?PID
            XDATA   0515H     0005H     UNIT         ?XD?_SETKD?PID
            XDATA   051AH     0005H     UNIT         ?XD?_SETPARAMETER?PID
            XDATA   051FH     0005H     UNIT         ?XD?_DATASCOPE_GET_CHANNEL_DATA?DATASCOPE_DP
            XDATA   0524H     0005H     UNIT         ?XD?_WRITEDATA?STORAGE
            XDATA   0529H     0005H     UNIT         ?XD?_SETDC_MOTORSPEED?MOTOR
            XDATA   052EH     0005H     UNIT         ?XD?_SET_PWM_DUTY?STC15_PWM
            XDATA   0533H     0004H     UNIT         ?XD?MOTOR
            XDATA   0537H     0004H     UNIT         ?XD?_HC595_INIT?74HC595
            XDATA   053BH     0003H     UNIT         ?XD?RELAY
            XDATA   053EH     0003H     UNIT         ?XD?_LCD1602_WRITE_WORD?LCD1602
            XDATA   0541H     0003H     UNIT         ?XD?_PCA_INIT?PCA
            XDATA   0544H     0003H     UNIT         ?XD?_PWMOUTPUT?PCA
            XDATA   0547H     0002H     UNIT         ?XD?SETUP
            XDATA   0549H     0002H     UNIT         ?XD?_PWM_INILIZE?STC15_PWM
            XDATA   054BH     0002H     UNIT         ?XD?_SET_PWM_PERIOD?STC15_PWM
            XDATA   054DH     0001H     UNIT         ?XD?_PID?PID
            XDATA   054EH     0001H     UNIT         ?XD?_BOARD_LED_PWM?LED
            XDATA   054FH     0001H     UNIT         ?XD?_OPEN_DC_MOTOR?MOTOR
            XDATA   0550H     0001H     UNIT         ?XD?_CLOSE_DC_MOTOR?MOTOR
            XDATA   0551H     0001H     UNIT         ?XD?_OPEN_STR?SERVO
            XDATA   0552H     0001H     UNIT         ?XD?_CLOSE_STR?SERVO
            XDATA   0553H     0001H     UNIT         ?XD?_SETSTEPMOTORWITHROUND?STEP_MOTOR
            XDATA   0554H     0001H     UNIT         ?XD?_SETSTEPMOTORDIVERSION?STEP_MOTOR
            XDATA   0555H     0001H     UNIT         ?XD?_CLOSE_STEPMOTOR?STEP_MOTOR
            XDATA   0556H     0001H     UNIT         ?XD?_OPEN_STEPMOTOR?STEP_MOTOR
            XDATA   0557H     0001H     UNIT         ?XD?_FREESTEPMOTOR?STEP_MOTOR
            XDATA   0558H     0001H     UNIT         ?XD?_LOCKSTEPMOTOR?STEP_MOTOR
            XDATA   0559H     0001H     UNIT         ?XD?_LCD1602_WRITE_CHAR?LCD1602
            XDATA   055AH     0001H     UNIT         ?XD?_LCD1602_WRITE_COM?LCD1602
            XDATA   055BH     0001H     UNIT         ?XD?_HC595SENDDATA?74HC595
            XDATA   055CH     0001H     UNIT         ?XD?_OPENPULSER?FIXEDPULSER
            XDATA   055DH     0001H     UNIT         ?XD?_CLOSEPULSER?FIXEDPULSER

            * * * * * * *   C O D E   M E M O R Y   * * * * * * *
            CODE    0000H     0003H     ABSOLUTE     
                    0003H     0008H                  *** GAP ***
            CODE    000BH     0003H     ABSOLUTE     
BL51 BANKED LINKER/LOCATER V6.00                                                      07/20/2017  09:51:39  PAGE 4


                    000EH     000DH                  *** GAP ***
            CODE    001BH     0003H     ABSOLUTE     
                    001EH     0005H                  *** GAP ***
            CODE    0023H     0003H     ABSOLUTE     
                    0026H     0005H                  *** GAP ***
            CODE    002BH     0003H     ABSOLUTE     
                    002EH     000DH                  *** GAP ***
            CODE    003BH     0003H     ABSOLUTE     
                    003EH     0005H                  *** GAP ***
            CODE    0043H     0003H     ABSOLUTE     
                    0046H     0045H                  *** GAP ***
            CODE    008BH     0003H     ABSOLUTE     
                    008EH     0005H                  *** GAP ***
            CODE    0093H     0003H     ABSOLUTE     
                    0096H     0005H                  *** GAP ***
            CODE    009BH     0003H     ABSOLUTE     
                    009EH     0005H                  *** GAP ***
            CODE    00A3H     0003H     ABSOLUTE     
                    00A6H     000DH                  *** GAP ***
            CODE    00B3H     0003H     ABSOLUTE     
                    00B6H     074AH                  *** GAP ***
            CODE    0800H     0736H     UNIT         ?C?LIB_CODE
            CODE    0F36H     06E0H     UNIT         ?PR?_USART_CONFIGURATION?USART1
            CODE    1616H     039AH     UNIT         ?PR?_PWM_INILIZE?STC15_PWM
            CODE    19B0H     032DH     UNIT         ?PR?TEST?SETUP
            CODE    1CDDH     025EH     UNIT         ?CO?LCD5510_V2
            CODE    1F3BH     0233H     UNIT         ?PR?_TIMER_INILIZE?TIMER
            CODE    216EH     01DAH     UNIT         ?PR?_PID?PID
            CODE    2348H     01D4H     UNIT         ?PR?_INIT_STR_MOTOR?SERVO
            CODE    251CH     01C4H     UNIT         ?PR?_GPIO_INILIZE?GPIO
            CODE    26E0H     019FH     UNIT         ?PR?_PCA_INIT?PCA
            CODE    287FH     0172H     UNIT         ?RTX?CODE
            CODE    29F1H     013DH     UNIT         ?PR?_PWMOUTPUT?PCA
            CODE    2B2EH     0136H     UNIT         ?PR?_FILTER?FILTER
            CODE    2C64H     0134H     UNIT         ?PR?_DATASCOPE_GET_CHANNEL_DATA?DATASCOPE_DP
            CODE    2D98H     0131H     UNIT         ?PR?_PID_CONFIG?PID
            CODE    2EC9H     0116H     UNIT         ?PR?_SET_STR_ANGLE?SERVO
            CODE    2FDFH     010FH     UNIT         ?PR?_SET_PWM_DUTY?STC15_PWM
            CODE    30EEH     00BAH     UNIT         ?PR?PWM_ROUTINE?FIXEDPULSER
            CODE    31A8H     00B1H     UNIT         ?CO?TIMER
            CODE    3259H     00AEH     UNIT         ?CO?SETUP
            CODE    3307H     00AEH     UNIT         ?PR?_PWMN_UPDATE?PCA
            CODE    33B5H     00AAH     UNIT         ?PR?_FLOAT2BYTE?DATASCOPE_DP
            CODE    345FH     00A9H     UNIT         ?PR?TIMERINIT?TIMER
            CODE    3508H     00A5H     UNIT         ?PR?_DATASCOPE_DATA_GENERATE?DATASCOPE_DP
            CODE    35ADH     00A3H     UNIT         ?PR?PCA_HANDLER?PCA
            CODE    3650H     00A2H     UNIT         ?C_INITSEG
            CODE    36F2H     009EH     UNIT         ?PR?_SETSTEPMOTORWITHANGLE?STEP_MOTOR
            CODE    3790H     009AH     UNIT         ?PR?_PWM_SET_T12_PERIOD?STC15_PWM
            CODE    382AH     0092H     UNIT         ?PR?_SETDC_MOTORSPEED?MOTOR
            CODE    38BCH     008CH     UNIT         ?C_C51STARTUP
            CODE    3948H     008AH     UNIT         ?PR?TIMER4_INT?TIMER
            CODE    39D2H     0085H     UNIT         ?PR?UART2_INT?USART1
            CODE    3A57H     0085H     UNIT         ?PR?UART3_INT?USART1
            CODE    3ADCH     0085H     UNIT         ?PR?UART4_INT?USART1
            CODE    3B61H     007FH     UNIT         ?PR?UART1_INT?USART1
            CODE    3BE0H     007AH     UNIT         ?PR?GETANGLE?ANGLE
BL51 BANKED LINKER/LOCATER V6.00                                                      07/20/2017  09:51:39  PAGE 5


            CODE    3C5AH     006BH     UNIT         ?PR?DC_MOTOR_CONFIG?MOTOR
            CODE    3CC5H     0069H     UNIT         ?PR?PULSERINIT?FIXEDPULSER
            CODE    3D2EH     0061H     UNIT         ?PR?_SET_PWM_PERIOD?STC15_PWM
            CODE    3D8FH     005EH     UNIT         ?PR?_GET_ADC10BITRESULT?ADC
            CODE    3DEDH     0058H     UNIT         ?PR?_SETPULSE?FIXEDPULSER
            CODE    3E45H     0057H     UNIT         ?PR?BUTTONSCAN?BUTTON
            CODE    3E9CH     0054H     UNIT         ?PR?_STEPMOTOR_INIT?STEP_MOTOR
            CODE    3EF0H     0053H     UNIT         ?PR?_ADC_INILIZE?ADC
            CODE    3F43H     004BH     UNIT         ?PR?_LCD_PRINTSL?LCD5510_V2
            CODE    3F8EH     0048H     UNIT         ?PR?TIMER3_INT?TIMER
            CODE    3FD6H     0047H     UNIT         ?PR?TIMER1_ISR?TIMER
            CODE    401DH     0044H     UNIT         ?C?LDIV
            CODE    4061H     0043H     UNIT         ?PR?LCD5510_INIT?LCD5510_V2
            CODE    40A4H     003FH     UNIT         ?PR?_EEPROM_READ_N?STC15_EEPROM
            CODE    40E3H     003FH     UNIT         ?PR?_EEPROM_WRITE_N?STC15_EEPROM
            CODE    4122H     003DH     UNIT         ?PR?_LCD_PRINTC?LCD5510_V2
            CODE    415FH     003BH     UNIT         ?PR?_LCD_PRINTS?LCD5510_V2
            CODE    419AH     0039H     UNIT         ?PR?_SENDSCOPEDATA?DATASCOPE_DP
            CODE    41D3H     002FH     UNIT         ?PR?_SETSTEPMOTORWITHROUND?STEP_MOTOR
            CODE    4202H     002FH     UNIT         ?PR?_LCD1602_WRITE_WORD?LCD1602
            CODE    4231H     002CH     UNIT         ?PR?_UART1_INIT?SETUP
            CODE    425DH     0028H     UNIT         ?PR?BOARD_LED_INIT?LED
            CODE    4285H     0028H     UNIT         ?PR?_OPEN_PWM_N?STC15_PWM
            CODE    42ADH     0028H     UNIT         ?PR?_TX2_WRITE2BUFF?USART1
            CODE    42D5H     0028H     UNIT         ?PR?_TX3_WRITE2BUFF?USART1
            CODE    42FDH     0028H     UNIT         ?PR?_TX4_WRITE2BUFF?USART1
            CODE    4325H     0027H     UNIT         ?PR?_TX1_WRITE2BUFF?USART1
            CODE    434CH     0025H     UNIT         ?PR?_CLOSE_PWM_N?STC15_PWM
            CODE    4371H     0025H     UNIT         ?PR?_SETTIMEOUT?TIMER
            CODE    4396H     0022H     UNIT         ?PR?_BLINK?LED
            CODE    43B8H     0021H     UNIT         ?PR?_SETPARAMETERINFERIORLIMIT?PID
            CODE    43D9H     0021H     UNIT         ?PR?_SETPARAMETERUPPERLIMIT?PID
            CODE    43FAH     0021H     UNIT         ?PR?_SETACTUALPARAMETER?PID
            CODE    441BH     0021H     UNIT         ?PR?_SETKI?PID
            CODE    443CH     0021H     UNIT         ?PR?_SETKP?PID
            CODE    445DH     0021H     UNIT         ?PR?_SETKD?PID
            CODE    447EH     0021H     UNIT         ?PR?_SETPARAMETER?PID
            CODE    449FH     0021H     UNIT         ?PR?LCD_CLR_SCR?LCD5510_V2
            CODE    44C0H     0020H     UNIT         ?PR?_OPEN_STR?SERVO
            CODE    44E0H     0020H     UNIT         ?PR?_LCD_WRITE_BYTE?LCD5510_V2
            CODE    4500H     0020H     UNIT         ?PR?_OPENPULSER?FIXEDPULSER
            CODE    4520H     0020H     UNIT         ?PR?_CLOSEPULSER?FIXEDPULSER
            CODE    4540H     0020H     UNIT         ?PR?_RESTARTTIMER?TIMER
            CODE    4560H     0020H     UNIT         ?PR?_EEPROM_SECTORERASE?STC15_EEPROM
            CODE    4580H     001FH     UNIT         ?PR?BUTTON_CONFIG?BUTTON
            CODE    459FH     001FH     UNIT         ?PR?_CLOSE_STR?SERVO
            CODE    45BEH     001FH     UNIT         ?PR?_ISEXPIREDTIMER?TIMER
            CODE    45DDH     001FH     UNIT         ?PR?_ISSTOPPED?TIMER
            CODE    45FCH     001EH     UNIT         ?PR?_OPEN_DC_MOTOR?MOTOR
            CODE    461AH     001EH     UNIT         ?PR?LCD1602_GPIO_CONFIG?LCD1602
            CODE    4638H     001DH     UNIT         ?PR?_GETBUTTONSTATE?BUTTON
            CODE    4655H     001DH     UNIT         ?PR?_CLOSE_DC_MOTOR?MOTOR
            CODE    4672H     001DH     UNIT         ?PR?_OPEN_STEPMOTOR?STEP_MOTOR
            CODE    468FH     001DH     UNIT         ?PR?LCD1602_INIT?LCD1602
            CODE    46ACH     001DH     UNIT         ?PR?_ISACTIVETIMER?TIMER
            CODE    46C9H     001CH     UNIT         ?PR?_CLOSE_STEPMOTOR?STEP_MOTOR
            CODE    46E5H     001CH     UNIT         ?PR?_ADC_CONFIG?ANGLE
BL51 BANKED LINKER/LOCATER V6.00                                                      07/20/2017  09:51:39  PAGE 6


            CODE    4701H     001CH     UNIT         ?PR?_LCD1602_WRITE_CHAR?LCD1602
            CODE    471DH     001CH     UNIT         ?PR?_LCD1602_WRITE_COM?LCD1602
            CODE    4739H     001CH     UNIT         ?PR?_SETTIMERHERTZ?TIMER
            CODE    4755H     001AH     UNIT         ?PR?_GETPARAMETER?PID
            CODE    476FH     001AH     UNIT         ?PR?_GETERR?PID
            CODE    4789H     001AH     UNIT         ?PR?_GETERRLAST?PID
            CODE    47A3H     001AH     UNIT         ?PR?_GETKP?PID
            CODE    47BDH     001AH     UNIT         ?PR?_GETKI?PID
            CODE    47D7H     001AH     UNIT         ?PR?_GETKD?PID
            CODE    47F1H     001AH     UNIT         ?PR?_GETOUTPUT?PID
            CODE    480BH     001AH     UNIT         ?PR?_GETINTEGRAL?PID
            CODE    4825H     001AH     UNIT         ?PR?_READ_STR_ANGLE?SERVO
            CODE    483FH     001AH     UNIT         ?PR?_GET_PWM_PERIOD?STC15_PWM
            CODE    4859H     001AH     UNIT         ?PR?_GET_PWM_N_DUTY?STC15_PWM
            CODE    4873H     001AH     UNIT         ?PR?_GETTIMEROUT?TIMER
            CODE    488DH     001AH     UNIT         ?PR?_GETTIMERHERTZ?TIMER
            CODE    48A7H     0019H     UNIT         ?PR?_HC595_INIT?74HC595
            CODE    48C0H     0019H     UNIT         ?PR?_STOPTIMER?TIMER
            CODE    48D9H     0018H     UNIT         ?PR?_PWM_SET_PERIOD?STC15_PWM
            CODE    48F1H     0017H     UNIT         ?PR?SETUP?SETUP
            CODE    4908H     0017H     UNIT         ?PR?_PRINTSTRING1?USART1
            CODE    491FH     0014H     UNIT         ?PR?_LCD_POS_BYTE?LCD5510_V2
            CODE    4933H     0013H     UNIT         ?PR?_LCD_CLR_ROW?LCD5510_V2
            CODE    4946H     0013H     UNIT         ?PR?_PRINTSTRING2?USART1
            CODE    4959H     0013H     UNIT         ?PR?_PRINTSTRING3?USART1
            CODE    496CH     0013H     UNIT         ?PR?_PRINTSTRING4?USART1
            CODE    497FH     0012H     UNIT         ?PR?_OPENPID?PID
            CODE    4991H     0012H     UNIT         ?PR?_WRITEDATA?STORAGE
            CODE    49A3H     0012H     UNIT         ?PR?_GETPULSERSTATE?FIXEDPULSER
            CODE    49B5H     0012H     UNIT         ?PR?_GET_PWM_N_STATE?STC15_PWM
            CODE    49C7H     0011H     UNIT         ?PR?_CLOSEPID?PID
            CODE    49D8H     0011H     UNIT         ?PR?_GETSTEPMOTORSTATE?STEP_MOTOR
            CODE    49E9H     0011H     UNIT         ?PR?_HC595SENDDATA?74HC595
            CODE    49FAH     0011H     UNIT         ?PR?_SETPWM_DIV?STC15_PWM
            CODE    4A0BH     0011H     UNIT         ?PR?_GETPWM_DIV?STC15_PWM
            CODE    4A1CH     0010H     UNIT         ?PR?_GETDC_MOTORSTATE?MOTOR
            CODE    4A2CH     0010H     UNIT         ?PR?_DELAY_MS?DELAY
            CODE    4A3CH     000FH     UNIT         ?PR?_SETRELAY?RELAY
            CODE    4A4BH     000EH     UNIT         ?PR?_UNSETRELAY?RELAY
            CODE    4A59H     000EH     UNIT         ?PR?_ONRESTARTTIMER?TIMER
            CODE    4A67H     000EH     UNIT         ?PR?DISABLEEEPROM?STC15_EEPROM
            CODE    4A75H     000CH     UNIT         ?PR?_ADC_POWERCONTROL?ADC
            CODE    4A81H     000AH     UNIT         ?PR?_DIGITALREAD?BUTTON
            CODE    4A8BH     000AH     UNIT         ?PR?OPEN_PWM_ALL?STC15_PWM
            CODE    4A95H     000AH     UNIT         ?PR?CLOSE_PWM_ALL?STC15_PWM
            CODE    4A9FH     0009H     UNIT         ?PR?GETMICROS?TIMER
            CODE    4AA8H     0009H     UNIT         ?PR?GETMILLIS?TIMER
            CODE    4AB1H     0008H     UNIT         ?PR?TASKSTART?ABSTASK
            CODE    4AB9H     0007H     UNIT         ?PR?_SETSTEPMOTORDIVERSION?STEP_MOTOR
            CODE    4AC0H     0007H     UNIT         ?PR?_FREESTEPMOTOR?STEP_MOTOR
            CODE    4AC7H     0007H     UNIT         ?PR?_LOCKSTEPMOTOR?STEP_MOTOR
            CODE    4ACEH     0006H     UNIT         ?PR?_BOARD_LED_PWM?LED
            CODE    4AD4H     0006H     UNIT         ?PR?GETSECONDS?TIMER
            CODE    4ADAH     0006H     UNIT         ?PR?GETMINUTES?TIMER
            CODE    4AE0H     0006H     UNIT         ?PR?GETHOURS?TIMER
            CODE    4AE6H     0006H     UNIT         ?PR?GETDAYS?TIMER
            CODE    4AECH     0005H     UNIT         ?PR?OPEN_BOARD_LED?LED
BL51 BANKED LINKER/LOCATER V6.00                                                      07/20/2017  09:51:39  PAGE 7


            CODE    4AF1H     0005H     UNIT         ?PR?CLOSE_BOARD_LED?LED
            CODE    4AF6H     0004H     UNIT         ?PR?ADC_INT?ADC
            CODE    4AFAH     0003H     UNIT         ?PR?GETBOARD_LED_STATE?LED
            CODE    4AFDH     0003H     UNIT         ?PR?_SETPINSTATE?GPIO
            CODE    4B00H     0002H     UNIT         ?RTX?TASKENT?S
            CODE    4B02H     0001H     UNIT         ?PR?MODE1?MODE
            CODE    4B03H     0001H     UNIT         ?PR?MODE2?MODE
            CODE    4B04H     0001H     UNIT         ?PR?MODE3?MODE
            CODE    4B05H     0001H     UNIT         ?PR?MODE4?MODE
            CODE    4B06H     0001H     UNIT         ?PR?MODELAUNCHER?MODE
            CODE    4B07H     0001H     UNIT         ?PR?RELAY_INIT?RELAY



OVERLAY MAP OF MODULE:   TestMode (ABSTASK)


SEGMENT                                            XDATA_GROUP
  +--> CALLED SEGMENT                            START    LENGTH
----------------------------------------------------------------
?PR?TASKSTART?ABSTASK                            -----    -----
  +--> ?PR?SETUP?SETUP
  +--> ?PR?_BLINK?LED

?PR?SETUP?SETUP                                  -----    -----
  +--> ?PR?_UART1_INIT?SETUP
  +--> ?PR?BOARD_LED_INIT?LED
  +--> ?PR?BUTTON_CONFIG?BUTTON
  +--> ?PR?LCD5510_INIT?LCD5510_V2
  +--> ?PR?TEST?SETUP

?PR?_UART1_INIT?SETUP                            0420H    000DH
  +--> ?PR?_USART_CONFIGURATION?USART1

?PR?_USART_CONFIGURATION?USART1                  042DH    0009H

?PR?BOARD_LED_INIT?LED                           0420H    0002H
  +--> ?PR?_GPIO_INILIZE?GPIO
  +--> ?PR?OPEN_BOARD_LED?LED
  +--> ?PR?_DELAY_MS?DELAY
  +--> ?PR?CLOSE_BOARD_LED?LED

?PR?BUTTON_CONFIG?BUTTON                         0420H    0002H
  +--> ?PR?_GPIO_INILIZE?GPIO

?PR?LCD5510_INIT?LCD5510_V2                      0420H    0002H
  +--> ?PR?_GPIO_INILIZE?GPIO
  +--> ?PR?_LCD_WRITE_BYTE?LCD5510_V2
  +--> ?PR?LCD_CLR_SCR?LCD5510_V2

?PR?LCD_CLR_SCR?LCD5510_V2                       -----    -----
  +--> ?PR?_LCD_WRITE_BYTE?LCD5510_V2

?PR?TEST?SETUP                                   0420H    0008H
  +--> ?CO?SETUP
  +--> ?PR?_LCD_PRINTS?LCD5510_V2
  +--> ?PR?_DELAY_MS?DELAY
BL51 BANKED LINKER/LOCATER V6.00                                                      07/20/2017  09:51:39  PAGE 8


  +--> ?PR?_LCD_CLR_ROW?LCD5510_V2
  +--> ?PR?_LCD_PRINTSL?LCD5510_V2
  +--> ?PR?LCD_CLR_SCR?LCD5510_V2
  +--> ?PR?_LCD_PRINTC?LCD5510_V2
  +--> ?PR?_LCD_WRITE_BYTE?LCD5510_V2

?PR?_LCD_PRINTS?LCD5510_V2                       0428H    0005H
  +--> ?PR?_LCD_PRINTC?LCD5510_V2

?PR?_LCD_PRINTC?LCD5510_V2                       -----    -----
  +--> ?PR?_LCD_POS_BYTE?LCD5510_V2
  +--> ?CO?LCD5510_V2
  +--> ?PR?_LCD_WRITE_BYTE?LCD5510_V2

?PR?_LCD_POS_BYTE?LCD5510_V2                     -----    -----
  +--> ?PR?_LCD_WRITE_BYTE?LCD5510_V2

?PR?_LCD_CLR_ROW?LCD5510_V2                      -----    -----
  +--> ?PR?_LCD_POS_BYTE?LCD5510_V2
  +--> ?PR?_LCD_WRITE_BYTE?LCD5510_V2

?PR?_LCD_PRINTSL?LCD5510_V2                      0428H    0005H
  +--> ?PR?_LCD_PRINTC?LCD5510_V2

?PR?_BLINK?LED                                   0420H    0001H
  +--> ?PR?OPEN_BOARD_LED?LED
  +--> ?PR?_DELAY_MS?DELAY
  +--> ?PR?CLOSE_BOARD_LED?LED

*** NEW ROOT ***************************************************

?PR?PWM_ROUTINE?FIXEDPULSER                      -----    -----
  +--> ?PR?_CLOSE_PWM_N?STC15_PWM

*** NEW ROOT ***************************************************

?C_C51STARTUP                                    -----    -----
  +--> ?C_INITSEG

?C_INITSEG                                       -----    -----
  +--> ?CO?SETUP



SYMBOL TABLE OF MODULE:  TestMode (ABSTASK)

  VALUE           TYPE          NAME
  ----------------------------------

  -------         MODULE        ABSTASK
  C:0000H         SYMBOL        _ICE_DUMMY_
  D:0080H         PUBLIC        P0
  D:0090H         PUBLIC        P1
  D:00A0H         PUBLIC        P2
  D:00B0H         PUBLIC        P3
  D:00C0H         PUBLIC        P4
  D:00C8H         PUBLIC        P5
BL51 BANKED LINKER/LOCATER V6.00                                                      07/20/2017  09:51:39  PAGE 9


  D:00E8H         PUBLIC        P6
  D:00F8H         PUBLIC        P7
  D:00A8H         PUBLIC        IE
  D:00B8H         PUBLIC        IP
  D:00D8H         PUBLIC        CCON
  D:0098H         PUBLIC        SCON
  D:0088H         PUBLIC        TCON
  D:00F0H         PUBLIC        B
  C:4AB1H         PUBLIC        taskStart
  D:00E0H         PUBLIC        ACC
  D:00D0H         PUBLIC        PSW
  -------         PROC          TASKSTART
  C:4AB1H         LINE#         13
  C:4AB1H         LINE#         15
  C:4AB4H         LINE#         16
  -------         ENDPROC       TASKSTART
  -------         ENDMOD        ABSTASK

  -------         MODULE        TASK
  C:0000H         SYMBOL        _ICE_DUMMY_
  D:0080H         PUBLIC        P0
  D:0090H         PUBLIC        P1
  D:00A0H         PUBLIC        P2
  D:00B0H         PUBLIC        P3
  D:00C0H         PUBLIC        P4
  D:00C8H         PUBLIC        P5
  D:00E8H         PUBLIC        P6
  D:00F8H         PUBLIC        P7
  D:00A8H         PUBLIC        IE
  D:00B8H         PUBLIC        IP
  D:00D8H         PUBLIC        CCON
  D:0098H         PUBLIC        SCON
  D:0088H         PUBLIC        TCON
  D:00F0H         PUBLIC        B
  D:00E0H         PUBLIC        ACC
  D:00D0H         PUBLIC        PSW
  -------         ENDMOD        TASK

  -------         MODULE        SETUP
  C:0000H         SYMBOL        _ICE_DUMMY_
  D:0080H         PUBLIC        P0
  D:0090H         PUBLIC        P1
  D:00A0H         PUBLIC        P2
  D:00B0H         PUBLIC        P3
  D:00C0H         PUBLIC        P4
  D:00C8H         PUBLIC        P5
  D:00E8H         PUBLIC        P6
  C:4231H         PUBLIC        _UART1_init
  D:00F8H         PUBLIC        P7
  X:0547H         PUBLIC        str1
  D:00A8H         PUBLIC        IE
  D:00B8H         PUBLIC        IP
  D:00D8H         PUBLIC        CCON
  D:0098H         PUBLIC        SCON
  C:48F1H         PUBLIC        setup
  D:0088H         PUBLIC        TCON
  D:00F0H         PUBLIC        B
BL51 BANKED LINKER/LOCATER V6.00                                                      07/20/2017  09:51:39  PAGE 10


  C:19B0H         PUBLIC        test
  D:00E0H         PUBLIC        ACC
  D:00D0H         PUBLIC        PSW
  -------         PROC          _UART1_INIT
  D:0004H         SYMBOL        BandRate
  -------         DO            
  X:0420H         SYMBOL        COMx_InitStructure
  -------         ENDDO         
  C:4231H         LINE#         39
  C:4231H         LINE#         40
  C:4231H         LINE#         42
  C:4237H         LINE#         43
  C:423BH         LINE#         44
  C:423FH         LINE#         45
  C:4245H         LINE#         46
  C:4248H         LINE#         47
  C:424BH         LINE#         48
  C:424DH         LINE#         49
  C:4250H         LINE#         50
  C:4252H         LINE#         51
  -------         ENDPROC       _UART1_INIT
  -------         PROC          TEST
  -------         DO            
  X:0420H         SYMBOL        str1
  X:0422H         SYMBOL        str2
  X:0424H         SYMBOL        i
  X:0425H         SYMBOL        j
  X:0426H         SYMBOL        k
  X:0427H         SYMBOL        LCD_contrast
  -------         ENDDO         
  C:19B0H         LINE#         54
  C:19B0H         LINE#         55
  C:19B0H         LINE#         56
  C:19BAH         LINE#         57
  C:19C2H         LINE#         59
  C:19C8H         LINE#         60
  C:19D7H         LINE#         61
  C:19D7H         LINE#         62
  C:19ECH         LINE#         63
  C:19F7H         LINE#         64
  C:19FCH         LINE#         65
  C:19FEH         LINE#         66
  C:1A17H         LINE#         67
  C:1A26H         LINE#         69
  C:1A58H         LINE#         70
  C:1A5BH         LINE#         71
  C:1A8CH         LINE#         73
  C:1AA5H         LINE#         74
  C:1AB2H         LINE#         75
  C:1ACBH         LINE#         77
  C:1AD7H         LINE#         78
  C:1AF0H         LINE#         79
  C:1AF7H         LINE#         80
  C:1B10H         LINE#         81
  C:1B1CH         LINE#         82
  C:1B23H         LINE#         83
  C:1B3CH         LINE#         84
BL51 BANKED LINKER/LOCATER V6.00                                                      07/20/2017  09:51:39  PAGE 11


  C:1B48H         LINE#         85
  C:1B61H         LINE#         86
  C:1B68H         LINE#         87
  C:1B81H         LINE#         88
  C:1B88H         LINE#         89
  C:1BA1H         LINE#         90
  C:1BADH         LINE#         91
  C:1BB4H         LINE#         92
  C:1BCDH         LINE#         93
  C:1BD9H         LINE#         94
  C:1BE0H         LINE#         95
  C:1BF9H         LINE#         96
  C:1BFCH         LINE#         97
  C:1C15H         LINE#         99
  C:1C1EH         LINE#         100
  C:1C2BH         LINE#         101
  C:1C2BH         LINE#         102
  C:1C3BH         LINE#         103
  C:1C40H         LINE#         104
  C:1C50H         LINE#         105
  C:1C59H         LINE#         106
  C:1C5BH         LINE#         108
  C:1C68H         LINE#         109
  C:1C68H         LINE#         110
  C:1C68H         LINE#         111
  C:1C6FH         LINE#         113
  C:1C92H         LINE#         114
  C:1CB5H         LINE#         115
  -------         ENDPROC       TEST
  -------         PROC          SETUP
  C:48F1H         LINE#         120
  C:48F1H         LINE#         121
  C:48F1H         LINE#         122
  C:48FCH         LINE#         124
  C:48FFH         LINE#         125
  C:4902H         LINE#         127
  C:4905H         LINE#         128
  -------         ENDPROC       SETUP
  -------         ENDMOD        SETUP

  -------         MODULE        MODE
  C:0000H         SYMBOL        _ICE_DUMMY_
  C:4B02H         PUBLIC        mode1
  C:4B03H         PUBLIC        mode2
  C:4B04H         PUBLIC        mode3
  C:4B05H         PUBLIC        mode4
  C:4B06H         PUBLIC        modeLauncher
  -------         PROC          MODE1
  C:4B02H         LINE#         2
  C:4B02H         LINE#         3
  C:4B02H         LINE#         5
  -------         ENDPROC       MODE1
  -------         PROC          MODE2
  C:4B03H         LINE#         7
  C:4B03H         LINE#         8
  C:4B03H         LINE#         10
  -------         ENDPROC       MODE2
BL51 BANKED LINKER/LOCATER V6.00                                                      07/20/2017  09:51:39  PAGE 12


  -------         PROC          MODE3
  C:4B04H         LINE#         13
  C:4B04H         LINE#         14
  C:4B04H         LINE#         16
  -------         ENDPROC       MODE3
  -------         PROC          MODE4
  C:4B05H         LINE#         18
  C:4B05H         LINE#         19
  C:4B05H         LINE#         21
  -------         ENDPROC       MODE4
  -------         PROC          MODELAUNCHER
  C:4B06H         LINE#         22
  C:4B06H         LINE#         23
  C:4B06H         LINE#         25
  -------         ENDPROC       MODELAUNCHER
  -------         ENDMOD        MODE

  -------         MODULE        ?RTX51_TINY_KERNAL
  C:4B00H         SEGMENT       ?RTX?TASKENT?S
  I:0010H         SEGMENT       ?RTX?TASKSP?S
  I:000EH         SEGMENT       ?RTX?TASKSTATE?S
  B:0020H.7       SEGMENT       ?RTX?BITS
  C:287FH         SEGMENT       ?RTX?CODE
  C:28CEH         PUBLIC        ?RTX?SET_ISR
  D:000CH         PUBLIC        ?RTX_CURRENTTASK
  D:0007H         PUBLIC        ?RTX_NEXTID
  C:2911H         PUBLIC        ?RTX_NEXTTASK
  N:00FFH         PUBLIC        ?RTX_RAMTOP
  C:4B00H         PUBLIC        ?RTX_TASKENTRY
  C:29F0H         PUBLIC        ?RTX_TASKIDX
  I:0010H         PUBLIC        ?RTX_TASKSP
  I:000EH         PUBLIC        ?RTX_TASKSTATUS
  C:29B4H         PUBLIC        MAIN
  C:28FAH         PUBLIC        OS_SWITCH_TASK
  C:2903H         SYMBOL        ?C0001
  C:290DH         SYMBOL        ?C0003
  C:2912H         SYMBOL        ?C0005
  C:292CH         SYMBOL        ?C0007
  C:292EH         SYMBOL        ?C0009
  C:2938H         SYMBOL        ?C0011
  C:2965H         SYMBOL        ?C0012
  C:294BH         SYMBOL        ?C0013
  C:2950H         SYMBOL        ?C0015
  C:295BH         SYMBOL        ?C0016
  N:0000H         SYMBOL        ?RTX51_TINY_KERNAL
  N:F63CH         SYMBOL        ?RTX_CLOCK
  N:0008H         SYMBOL        ?RTX_REGISTERBANK
  D:000DH         SYMBOL        ?RTX_ROBINTIME
  D:000AH         SYMBOL        ?RTX_SAVEACC
  D:000BH         SYMBOL        ?RTX_SAVEPSW
  C:287FH         SYMBOL        ?RTX_STACKERROR
  C:28D2H         SYMBOL        ?RTX_TASKSWITCHING
  B:0020H.7       SYMBOL        ?RTX_TS_DELAY
  D:00E0H         SYMBOL        ACC
  D:00F0H         SYMBOL        B
  N:0005H         SYMBOL        B_ACTIVE
  N:0007H         SYMBOL        B_IVL
BL51 BANKED LINKER/LOCATER V6.00                                                      07/20/2017  09:51:39  PAGE 13


  N:0007H         SYMBOL        B_RDY
  N:0004H         SYMBOL        B_READY
  N:0006H         SYMBOL        B_ROBIN
  N:0002H         SYMBOL        B_SIGNAL
  N:0003H         SYMBOL        B_TIMEOUT
  N:0000H         SYMBOL        B_WAITSIG
  N:0001H         SYMBOL        B_WAITTIM
  C:28CFH         SYMBOL        CHECKROBINTIME
  C:28A9H         SYMBOL        CHECKSTACK
  N:0000H         SYMBOL        CODE_BANKING
  N:0000H         SYMBOL        CPU_IDLE_CODE
  D:0083H         SYMBOL        DPH
  D:0082H         SYMBOL        DPL
  B:00A8H.7       SYMBOL        EA
  B:00A8H.4       SYMBOL        ES
  B:00A8H.1       SYMBOL        ET0
  B:00A8H.3       SYMBOL        ET1
  B:00A8H.0       SYMBOL        EX0
  B:00A8H.2       SYMBOL        EX1
  N:0014H         SYMBOL        FREE_STACK
  C:2883H         SYMBOL        HW_TIMER
  D:00A8H         SYMBOL        IE
  B:0088H.1       SYMBOL        IE0
  B:0088H.3       SYMBOL        IE1
  N:09C4H         SYMBOL        INT_CLOCK
  N:0001H         SYMBOL        INT_REGBANK
  B:0088H.0       SYMBOL        IT0
  B:0088H.2       SYMBOL        IT1
  N:0020H         SYMBOL        K_ACTIVE
  N:0080H         SYMBOL        K_IVL
  N:0080H         SYMBOL        K_RDY
  N:0010H         SYMBOL        K_READY
  N:0040H         SYMBOL        K_ROBIN
  N:0001H         SYMBOL        K_SIG
  N:0002H         SYMBOL        K_TMO
  N:0000H         SYMBOL        LONG_USR_INTR
  C:29BDH         SYMBOL        MAIN1
  C:29C7H         SYMBOL        MAIN1X
  C:29C2H         SYMBOL        MAIN2
  C:2988H         SYMBOL        NOEVENT
  C:28CEH         SYMBOL        NOROBINTIMEOUT
  C:28C5H         SYMBOL        NOTIMEOUT
  C:28C3H         SYMBOL        NOWAITTIMEOUT
  C:28FAH         SYMBOL        OS_SWITCH_TASK1
  D:0087H         SYMBOL        PCON
  D:00D0H         SYMBOL        PSW
  N:00FFH         SYMBOL        RAMTOP
  N:0080H         SYMBOL        RDY_EVENT
  C:2994H         SYMBOL        ROBINON
  C:297CH         SYMBOL        SIGNALOFF
  C:2988H         SYMBOL        SIGNALON
  N:0004H         SYMBOL        SIG_EVENT
  D:0081H         SYMBOL        SP
  I:000FH         SYMBOL        TASKSTATE
  D:0088H         SYMBOL        TCON
  B:0088H.5       SYMBOL        TF0
  B:0088H.7       SYMBOL        TF1
BL51 BANKED LINKER/LOCATER V6.00                                                      07/20/2017  09:51:39  PAGE 14


  D:008CH         SYMBOL        TH0
  D:008DH         SYMBOL        TH1
  C:2984H         SYMBOL        TIMEOUTON
  C:2884H         SYMBOL        TIMERINT
  C:28B5H         SYMBOL        TIMERLOOP
  I:000EH         SYMBOL        TIMERVAL
  N:000AH         SYMBOL        TIMESHARING
  D:008AH         SYMBOL        TL0
  D:008BH         SYMBOL        TL1
  D:0089H         SYMBOL        TMOD
  N:0008H         SYMBOL        TMO_EVENT
  B:0088H.4       SYMBOL        TR0
  B:0088H.6       SYMBOL        TR1
  C:000BH         LINE#         271
  C:287FH         LINE#         279
  C:2883H         LINE#         282
  C:2884H         LINE#         299
  C:2887H         LINE#         301
  C:288AH         LINE#         302
  C:288DH         LINE#         303
  C:288FH         LINE#         305
  C:2891H         LINE#         306
  C:2893H         LINE#         307
  C:2895H         LINE#         308
  C:2897H         LINE#         309
  C:2899H         LINE#         310
  C:289BH         LINE#         311
  C:289DH         LINE#         312
  C:289FH         LINE#         316
  C:28A0H         LINE#         317
  C:28A2H         LINE#         318
  C:28A3H         LINE#         319
  C:28A4H         LINE#         320
  C:28A7H         LINE#         321
  C:28A9H         LINE#         322
  C:28AAH         LINE#         323
  C:28ACH         LINE#         324
  C:28AFH         LINE#         325
  C:28B1H         LINE#         329
  C:28B3H         LINE#         330
  C:28B5H         LINE#         331
  C:28B6H         LINE#         332
  C:28B7H         LINE#         333
  C:28B8H         LINE#         334
  C:28BAH         LINE#         335
  C:28BCH         LINE#         336
  C:28BDH         LINE#         337
  C:28C0H         LINE#         338
  C:28C2H         LINE#         339
  C:28C3H         LINE#         340
  C:28C5H         LINE#         341
  C:28C6H         LINE#         342
  C:28C8H         LINE#         344
  C:28C9H         LINE#         345
  C:28CBH         LINE#         360
  C:28CEH         LINE#         366
  C:28CFH         LINE#         367
BL51 BANKED LINKER/LOCATER V6.00                                                      07/20/2017  09:51:39  PAGE 15


  C:28D2H         LINE#         370
  C:28D4H         LINE#         371
  C:28D6H         LINE#         372
  C:28D8H         LINE#         373
  C:28DAH         LINE#         374
  C:28DCH         LINE#         375
  C:28DEH         LINE#         376
  C:28E0H         LINE#         377
  C:28E2H         LINE#         378
  C:28E4H         LINE#         379
  C:28E6H         LINE#         380
  C:28E8H         LINE#         381
  C:28EAH         LINE#         382
  C:28ECH         LINE#         387
  C:28EEH         LINE#         388
  C:28EFH         LINE#         389
  C:28F1H         LINE#         390
  C:28F2H         LINE#         391
  C:28F4H         LINE#         392
  C:28F6H         LINE#         393
  C:28F7H         LINE#         394
  C:28F8H         LINE#         395
  C:28FAH         LINE#         424
  C:28FCH         LINE#         426
  C:28FEH         LINE#         427
  C:28FFH         LINE#         429
  C:2900H         LINE#         430
  C:2902H         LINE#         431
  C:2903H         LINE#         434
  C:2904H         LINE#         435
  C:2905H         LINE#         436
  C:2906H         LINE#         444
  C:2909H         LINE#         445
  C:290BH         LINE#         446
  C:290DH         LINE#         449
  C:290EH         LINE#         450
  C:2911H         LINE#         458
  C:2912H         LINE#         462
  C:2914H         LINE#         463
  C:2915H         LINE#         464
  C:2916H         LINE#         465
  C:2918H         LINE#         468
  C:291AH         LINE#         470
  C:291CH         LINE#         471
  C:291EH         LINE#         472
  C:291FH         LINE#         473
  C:2920H         LINE#         474
  C:2921H         LINE#         476
  C:2923H         LINE#         478
  C:2924H         LINE#         479
  C:2925H         LINE#         480
  C:2927H         LINE#         481
  C:292AH         LINE#         482
  C:292CH         LINE#         484
  C:292DH         LINE#         485
  C:292EH         LINE#         490
  C:292FH         LINE#         491
BL51 BANKED LINKER/LOCATER V6.00                                                      07/20/2017  09:51:39  PAGE 16


  C:2930H         LINE#         492
  C:2932H         LINE#         496
  C:2933H         LINE#         497
  C:2934H         LINE#         498
  C:2936H         LINE#         499
  C:2938H         LINE#         505
  C:293AH         LINE#         506
  C:293BH         LINE#         507
  C:293CH         LINE#         508
  C:293EH         LINE#         510
  C:2940H         LINE#         511
  C:2942H         LINE#         512
  C:2943H         LINE#         513
  C:2944H         LINE#         516
  C:2946H         LINE#         517
  C:2949H         LINE#         518
  C:294BH         LINE#         520
  C:294CH         LINE#         522
  C:294DH         LINE#         523
  C:294EH         LINE#         524
  C:294FH         LINE#         525
  C:2950H         LINE#         529
  C:2952H         LINE#         530
  C:2953H         LINE#         531
  C:2955H         LINE#         535
  C:2957H         LINE#         536
  C:2958H         LINE#         537
  C:2959H         LINE#         539
  C:295BH         LINE#         543
  C:295DH         LINE#         544
  C:295FH         LINE#         545
  C:2960H         LINE#         546
  C:2961H         LINE#         548
  C:2963H         LINE#         549
  C:2965H         LINE#         555
  C:2968H         LINE#         559
  C:296AH         LINE#         560
  C:296BH         LINE#         561
  C:296DH         LINE#         562
  C:296EH         LINE#         563
  C:2970H         LINE#         564
  C:2972H         LINE#         565
  C:2973H         LINE#         567
  C:2976H         LINE#         571
  C:2979H         LINE#         572
  C:297CH         LINE#         576
  C:297EH         LINE#         577
  C:2981H         LINE#         578
  C:2984H         LINE#         580
  C:2986H         LINE#         581
  C:2988H         LINE#         583
  C:298AH         LINE#         584
  C:298BH         LINE#         585
  C:298DH         LINE#         587
  C:298FH         LINE#         588
  C:2991H         LINE#         594
  C:2993H         LINE#         595
BL51 BANKED LINKER/LOCATER V6.00                                                      07/20/2017  09:51:39  PAGE 17


  C:2994H         LINE#         608
  C:2995H         LINE#         609
  C:2997H         LINE#         614
  C:2999H         LINE#         615
  C:299BH         LINE#         616
  C:299DH         LINE#         617
  C:299FH         LINE#         618
  C:29A1H         LINE#         619
  C:29A3H         LINE#         620
  C:29A5H         LINE#         621
  C:29A7H         LINE#         622
  C:29A9H         LINE#         623
  C:29ABH         LINE#         624
  C:29ADH         LINE#         625
  C:29AFH         LINE#         626
  C:29B1H         LINE#         627
  C:29B3H         LINE#         628
  C:29B4H         LINE#         642
  C:29B6H         LINE#         643
  C:29B8H         LINE#         644
  C:29BAH         LINE#         645
  C:29BCH         LINE#         646
  C:29BDH         LINE#         647
  C:29BEH         LINE#         648
  C:29C0H         LINE#         649
  C:29C2H         LINE#         650
  C:29C4H         LINE#         651
  C:29C5H         LINE#         652
  C:29C7H         LINE#         653
  C:29C8H         LINE#         654
  C:29C9H         LINE#         655
  C:29CAH         LINE#         656
  C:29CBH         LINE#         657
  C:29CDH         LINE#         658
  C:29CFH         LINE#         659
  C:29D1H         LINE#         660
  C:29D4H         LINE#         661
  C:29D6H         LINE#         662
  C:29D7H         LINE#         663
  C:29D9H         LINE#         664
  C:29DAH         LINE#         665
  C:29DBH         LINE#         666
  C:29DDH         LINE#         668
  C:29E0H         LINE#         670
  C:29E3H         LINE#         671
  C:29E6H         LINE#         672
  C:29E9H         LINE#         673
  C:29EBH         LINE#         674
  C:29EDH         LINE#         675
  C:29EFH         LINE#         676
  -------         ENDMOD        ?RTX51_TINY_KERNAL

  -------         MODULE        PID
  C:0000H         SYMBOL        _ICE_DUMMY_
  D:0080H         PUBLIC        P0
  D:0090H         PUBLIC        P1
  D:00A0H         PUBLIC        P2
BL51 BANKED LINKER/LOCATER V6.00                                                      07/20/2017  09:51:39  PAGE 18


  C:441BH         PUBLIC        _setKi
  D:00B0H         PUBLIC        P3
  C:4789H         PUBLIC        _getErrLast
  D:00C0H         PUBLIC        P4
  D:00C8H         PUBLIC        P5
  D:00E8H         PUBLIC        P6
  D:00F8H         PUBLIC        P7
  C:43D9H         PUBLIC        _setParameterUpperLimit
  C:443CH         PUBLIC        _setKp
  D:00A8H         PUBLIC        IE
  C:497FH         PUBLIC        _openPID
  D:00B8H         PUBLIC        IP
  D:00D8H         PUBLIC        CCON
  D:0098H         PUBLIC        SCON
  D:0088H         PUBLIC        TCON
  C:2D98H         PUBLIC        _PID_config
  C:43B8H         PUBLIC        _setParameterInferiorLimit
  D:00F0H         PUBLIC        B
  D:00E0H         PUBLIC        ACC
  C:43FAH         PUBLIC        _setActualParameter
  C:47F1H         PUBLIC        _getOutput
  C:216EH         PUBLIC        _PID
  X:028CH         SYMBOL        g_pid_n_info
  C:4755H         PUBLIC        _getParameter
  C:476FH         PUBLIC        _getErr
  C:47D7H         PUBLIC        _getKd
  C:447EH         PUBLIC        _setParameter
  C:47BDH         PUBLIC        _getKi
  C:49C7H         PUBLIC        _closePID
  D:00D0H         PUBLIC        PSW
  C:480BH         PUBLIC        _getIntegral
  C:47A3H         PUBLIC        _getKp
  C:445DH         PUBLIC        _setKd
  -------         PROC          _PID_CONFIG
  D:0003H         SYMBOL        PID_N
  X:04A6H         SYMBOL        kp
  X:04AAH         SYMBOL        ki
  X:04AEH         SYMBOL        kd
  C:2D98H         LINE#         49
  C:2D9AH         LINE#         50
  C:2D9AH         LINE#         51
  C:2DAFH         LINE#         52
  C:2DC4H         LINE#         53
  C:2DD9H         LINE#         54
  C:2DEEH         LINE#         55
  C:2E0DH         LINE#         56
  C:2E2CH         LINE#         57
  C:2E4BH         LINE#         58
  C:2E75H         LINE#         59
  C:2E9FH         LINE#         60
  -------         ENDPROC       _PID_CONFIG
  -------         PROC          _OPENPID
  D:0007H         SYMBOL        PID_N
  C:497FH         LINE#         70
  C:497FH         LINE#         71
  C:497FH         LINE#         72
  C:4990H         LINE#         74
BL51 BANKED LINKER/LOCATER V6.00                                                      07/20/2017  09:51:39  PAGE 19


  -------         ENDPROC       _OPENPID
  -------         PROC          _CLOSEPID
  D:0007H         SYMBOL        PID_N
  C:49C7H         LINE#         83
  C:49C7H         LINE#         84
  C:49C7H         LINE#         85
  C:49D7H         LINE#         88
  -------         ENDPROC       _CLOSEPID
  -------         PROC          _PID
  X:054DH         SYMBOL        PID_N
  C:216EH         LINE#         97
  C:2173H         LINE#         98
  C:2173H         LINE#         101
  C:2186H         LINE#         102
  C:2186H         LINE#         104
  C:21D4H         LINE#         120
  C:2217H         LINE#         123
  C:231CH         LINE#         126
  C:2346H         LINE#         129
  C:2347H         LINE#         130
  C:2347H         LINE#         132
  -------         ENDPROC       _PID
  -------         PROC          _SETPARAMETERINFERIORLIMIT
  D:0003H         SYMBOL        PID_N
  X:04FDH         SYMBOL        value
  C:43B8H         LINE#         142
  C:43BAH         LINE#         143
  C:43BAH         LINE#         144
  -------         ENDPROC       _SETPARAMETERINFERIORLIMIT
  -------         PROC          _SETPARAMETERUPPERLIMIT
  D:0003H         SYMBOL        PID_N
  X:0502H         SYMBOL        value
  C:43D9H         LINE#         156
  C:43DBH         LINE#         157
  C:43DBH         LINE#         158
  -------         ENDPROC       _SETPARAMETERUPPERLIMIT
  -------         PROC          _SETACTUALPARAMETER
  D:0003H         SYMBOL        PID_N
  X:0507H         SYMBOL        value
  C:43FAH         LINE#         171
  C:43FCH         LINE#         172
  C:43FCH         LINE#         173
  -------         ENDPROC       _SETACTUALPARAMETER
  -------         PROC          _SETKI
  D:0003H         SYMBOL        PID_N
  X:050CH         SYMBOL        value
  C:441BH         LINE#         186
  C:441DH         LINE#         187
  C:441DH         LINE#         188
  -------         ENDPROC       _SETKI
  -------         PROC          _SETKP
  D:0003H         SYMBOL        PID_N
  X:0511H         SYMBOL        value
  C:443CH         LINE#         200
  C:443EH         LINE#         201
  C:443EH         LINE#         202
  -------         ENDPROC       _SETKP
BL51 BANKED LINKER/LOCATER V6.00                                                      07/20/2017  09:51:39  PAGE 20


  -------         PROC          _SETKD
  D:0003H         SYMBOL        PID_N
  X:0516H         SYMBOL        value
  C:445DH         LINE#         214
  C:445FH         LINE#         215
  C:445FH         LINE#         216
  -------         ENDPROC       _SETKD
  -------         PROC          _SETPARAMETER
  D:0003H         SYMBOL        PID_N
  X:051BH         SYMBOL        value
  C:447EH         LINE#         228
  C:4480H         LINE#         229
  C:4480H         LINE#         230
  -------         ENDPROC       _SETPARAMETER
  -------         PROC          _GETPARAMETER
  D:0007H         SYMBOL        PID_N
  C:4755H         LINE#         242
  C:4755H         LINE#         243
  C:4755H         LINE#         244
  C:476EH         LINE#         245
  -------         ENDPROC       _GETPARAMETER
  -------         PROC          _GETERR
  D:0007H         SYMBOL        PID_N
  C:476FH         LINE#         255
  C:476FH         LINE#         256
  C:476FH         LINE#         257
  C:4788H         LINE#         258
  -------         ENDPROC       _GETERR
  -------         PROC          _GETERRLAST
  D:0007H         SYMBOL        PID_N
  C:4789H         LINE#         268
  C:4789H         LINE#         269
  C:4789H         LINE#         270
  C:47A2H         LINE#         271
  -------         ENDPROC       _GETERRLAST
  -------         PROC          _GETKP
  D:0007H         SYMBOL        PID_N
  C:47A3H         LINE#         280
  C:47A3H         LINE#         281
  C:47A3H         LINE#         282
  C:47BCH         LINE#         283
  -------         ENDPROC       _GETKP
  -------         PROC          _GETKI
  D:0007H         SYMBOL        PID_N
  C:47BDH         LINE#         293
  C:47BDH         LINE#         294
  C:47BDH         LINE#         295
  C:47D6H         LINE#         296
  -------         ENDPROC       _GETKI
  -------         PROC          _GETKD
  D:0007H         SYMBOL        PID_N
  C:47D7H         LINE#         306
  C:47D7H         LINE#         307
  C:47D7H         LINE#         308
  C:47F0H         LINE#         309
  -------         ENDPROC       _GETKD
  -------         PROC          _GETOUTPUT
BL51 BANKED LINKER/LOCATER V6.00                                                      07/20/2017  09:51:39  PAGE 21


  D:0007H         SYMBOL        PID_N
  C:47F1H         LINE#         319
  C:47F1H         LINE#         320
  C:47F1H         LINE#         321
  C:480AH         LINE#         322
  -------         ENDPROC       _GETOUTPUT
  -------         PROC          _GETINTEGRAL
  D:0007H         SYMBOL        PID_N
  C:480BH         LINE#         332
  C:480BH         LINE#         333
  C:480BH         LINE#         334
  C:4824H         LINE#         335
  -------         ENDPROC       _GETINTEGRAL
  -------         ENDMOD        PID

  -------         MODULE        FILTER
  C:0000H         SYMBOL        _ICE_DUMMY_
  D:0080H         PUBLIC        P0
  D:0090H         PUBLIC        P1
  D:00A0H         PUBLIC        P2
  D:00B0H         PUBLIC        P3
  D:00C0H         PUBLIC        P4
  D:00C8H         PUBLIC        P5
  D:00E8H         PUBLIC        P6
  D:00F8H         PUBLIC        P7
  C:2B2EH         PUBLIC        _filter
  D:00A8H         PUBLIC        IE
  D:00B8H         PUBLIC        IP
  D:00D8H         PUBLIC        CCON
  D:0098H         PUBLIC        SCON
  D:0088H         PUBLIC        TCON
  D:00F0H         PUBLIC        B
  D:00E0H         PUBLIC        ACC
  D:00D0H         PUBLIC        PSW
  -------         PROC          _FILTER
  D:0001H         SYMBOL        ary
  X:0498H         SYMBOL        num
  X:0499H         SYMBOL        MaxValue
  X:049BH         SYMBOL        MinValue
  -------         DO            
  X:049DH         SYMBOL        angleDataloopTemp2
  X:049FH         SYMBOL        finalData
  X:04A1H         SYMBOL        maxValue
  X:04A3H         SYMBOL        minValue
  -------         ENDDO         
  C:2B2EH         LINE#         2
  C:2B33H         LINE#         3
  C:2B33H         LINE#         5
  C:2B3AH         LINE#         6
  C:2B49H         LINE#         7
  C:2B58H         LINE#         8
  C:2B7AH         LINE#         9
  C:2B7AH         LINE#         10
  C:2B96H         LINE#         11
  C:2B96H         LINE#         12
  C:2BB3H         LINE#         13
  C:2BB3H         LINE#         14
BL51 BANKED LINKER/LOCATER V6.00                                                      07/20/2017  09:51:39  PAGE 22


  C:2BD5H         LINE#         15
  C:2BD5H         LINE#         16
  C:2BF2H         LINE#         17
  C:2BF2H         LINE#         18
  C:2C14H         LINE#         19
  C:2C28H         LINE#         20
  C:2C4DH         LINE#         21
  C:2C63H         LINE#         22
  C:2C63H         LINE#         23
  -------         ENDPROC       _FILTER
  -------         ENDMOD        FILTER

  -------         MODULE        DATASCOPE_DP
  C:0000H         SYMBOL        _ICE_DUMMY_
  D:0080H         PUBLIC        P0
  D:0090H         PUBLIC        P1
  D:00A0H         PUBLIC        P2
  D:00B0H         PUBLIC        P3
  D:00C0H         PUBLIC        P4
  D:00C8H         PUBLIC        P5
  D:00E8H         PUBLIC        P6
  D:00F8H         PUBLIC        P7
  X:0384H         PUBLIC        DataScope_OutPut_Buffer
  D:00A8H         PUBLIC        IE
  D:00B8H         PUBLIC        IP
  D:00D8H         PUBLIC        CCON
  C:419AH         PUBLIC        _sendScopeData
  D:0098H         PUBLIC        SCON
  D:0088H         PUBLIC        TCON
  D:00F0H         PUBLIC        B
  C:33B5H         PUBLIC        _Float2Byte
  D:00E0H         PUBLIC        ACC
  C:3508H         PUBLIC        _DataScope_Data_Generate
  C:2C64H         PUBLIC        _DataScope_Get_Channel_Data
  D:00D0H         PUBLIC        PSW
  -------         PROC          _FLOAT2BYTE
  D:0001H         SYMBOL        target
  X:04B5H         SYMBOL        buf
  X:04B8H         SYMBOL        beg
  -------         DO            
  X:04B9H         SYMBOL        point
  -------         ENDDO         
  C:33B5H         LINE#         26
  C:33B5H         LINE#         27
  C:33B5H         LINE#         29
  C:33C0H         LINE#         30
  C:33DEH         LINE#         31
  C:340AH         LINE#         32
  C:3436H         LINE#         33
  -------         ENDPROC       _FLOAT2BYTE
  -------         PROC          _SENDSCOPEDATA
  D:0004H         SYMBOL        Data
  X:04EEH         SYMBOL        channel
  -------         DO            
  X:04EFH         SYMBOL        a
  -------         ENDDO         
  C:419AH         LINE#         43
BL51 BANKED LINKER/LOCATER V6.00                                                      07/20/2017  09:51:39  PAGE 23


  C:419AH         LINE#         44
  C:419AH         LINE#         47
  C:41A5H         LINE#         49
  C:41BBH         LINE#         50
  C:41BBH         LINE#         51
  C:41CAH         LINE#         52
  C:41D2H         LINE#         54
  -------         ENDPROC       _SENDSCOPEDATA
  -------         PROC          _DATASCOPE_GET_CHANNEL_DATA
  X:051FH         SYMBOL        Data
  X:0523H         SYMBOL        Channel
  C:2C64H         LINE#         60
  C:2C6AH         LINE#         61
  C:2C6AH         LINE#         62
  C:2C7DH         LINE#         63
  C:2C7DH         LINE#         65
  C:2C7DH         LINE#         67
  C:2C7DH         LINE#         68
  C:2CB3H         LINE#         69
  C:2CB3H         LINE#         70
  C:2CB3H         LINE#         71
  C:2CC6H         LINE#         72
  C:2CC9H         LINE#         73
  C:2CC9H         LINE#         74
  C:2CDDH         LINE#         75
  C:2CE0H         LINE#         76
  C:2CE0H         LINE#         77
  C:2CF4H         LINE#         78
  C:2CF7H         LINE#         79
  C:2CF7H         LINE#         80
  C:2D0BH         LINE#         81
  C:2D0EH         LINE#         82
  C:2D0EH         LINE#         83
  C:2D22H         LINE#         84
  C:2D24H         LINE#         85
  C:2D24H         LINE#         86
  C:2D38H         LINE#         87
  C:2D3AH         LINE#         88
  C:2D3AH         LINE#         89
  C:2D4EH         LINE#         90
  C:2D50H         LINE#         91
  C:2D50H         LINE#         92
  C:2D64H         LINE#         93
  C:2D66H         LINE#         94
  C:2D66H         LINE#         95
  C:2D7AH         LINE#         96
  C:2D7CH         LINE#         97
  C:2D7CH         LINE#         98
  C:2D97H         LINE#         99
  C:2D97H         LINE#         100
  C:2D97H         LINE#         101
  C:2D97H         LINE#         102
  -------         ENDPROC       _DATASCOPE_GET_CHANNEL_DATA
  -------         PROC          _DATASCOPE_DATA_GENERATE
  D:0007H         SYMBOL        Channel_Number
  C:3508H         LINE#         107
  C:3508H         LINE#         108
BL51 BANKED LINKER/LOCATER V6.00                                                      07/20/2017  09:51:39  PAGE 24


  C:3508H         LINE#         109
  C:3511H         LINE#         110
  C:3511H         LINE#         111
  C:3514H         LINE#         112
  C:3514H         LINE#         114
  C:3514H         LINE#         115
  C:351AH         LINE#         116
  C:3550H         LINE#         117
  C:3550H         LINE#         118
  C:3550H         LINE#         119
  C:3556H         LINE#         120
  C:3559H         LINE#         121
  C:3559H         LINE#         122
  C:3559H         LINE#         123
  C:355FH         LINE#         124
  C:3562H         LINE#         125
  C:3562H         LINE#         126
  C:3562H         LINE#         127
  C:3568H         LINE#         128
  C:356BH         LINE#         129
  C:356BH         LINE#         130
  C:356BH         LINE#         131
  C:3571H         LINE#         132
  C:3574H         LINE#         133
  C:3574H         LINE#         134
  C:3574H         LINE#         135
  C:357AH         LINE#         136
  C:357DH         LINE#         137
  C:357DH         LINE#         138
  C:357DH         LINE#         139
  C:3583H         LINE#         140
  C:3586H         LINE#         141
  C:3586H         LINE#         142
  C:3586H         LINE#         143
  C:358CH         LINE#         144
  C:358FH         LINE#         145
  C:358FH         LINE#         146
  C:358FH         LINE#         147
  C:3595H         LINE#         148
  C:3598H         LINE#         149
  C:3598H         LINE#         150
  C:3598H         LINE#         151
  C:359EH         LINE#         152
  C:35A1H         LINE#         153
  C:35A1H         LINE#         154
  C:35A1H         LINE#         155
  C:35A7H         LINE#         156
  C:35AAH         LINE#         157
  C:35AAH         LINE#         158
  C:35AAH         LINE#         159
  C:35AAH         LINE#         160
  C:35ACH         LINE#         161
  -------         ENDPROC       _DATASCOPE_DATA_GENERATE
  -------         ENDMOD        DATASCOPE_DP

  -------         MODULE        STORAGE
  C:0000H         SYMBOL        _ICE_DUMMY_
BL51 BANKED LINKER/LOCATER V6.00                                                      07/20/2017  09:51:39  PAGE 25


  D:0080H         PUBLIC        P0
  D:0090H         PUBLIC        P1
  D:00A0H         PUBLIC        P2
  D:00B0H         PUBLIC        P3
  D:00C0H         PUBLIC        P4
  D:00C8H         PUBLIC        P5
  D:00E8H         PUBLIC        P6
  D:00F8H         PUBLIC        P7
  D:00A8H         PUBLIC        IE
  D:00B8H         PUBLIC        IP
  D:00D8H         PUBLIC        CCON
  C:4991H         PUBLIC        _writeData
  D:0098H         PUBLIC        SCON
  D:0088H         PUBLIC        TCON
  D:00F0H         PUBLIC        B
  D:00E0H         PUBLIC        ACC
  D:00D0H         PUBLIC        PSW
  -------         PROC          _WRITEDATA
  X:0524H         SYMBOL        add
  X:0526H         SYMBOL        Data
  C:4991H         LINE#         3
  C:49A2H         LINE#         4
  C:49A2H         LINE#         6
  -------         ENDPROC       _WRITEDATA
  -------         ENDMOD        STORAGE

  -------         MODULE        BUTTON
  C:0000H         SYMBOL        _ICE_DUMMY_
  D:0080H         PUBLIC        P0
  D:0090H         PUBLIC        P1
  D:00A0H         PUBLIC        P2
  D:00B0H         PUBLIC        P3
  D:00C0H         PUBLIC        P4
  D:00C8H         PUBLIC        P5
  D:00E8H         PUBLIC        P6
  D:00F8H         PUBLIC        P7
  D:00A8H         PUBLIC        IE
  D:00B8H         PUBLIC        IP
  D:00D8H         PUBLIC        CCON
  C:3E45H         PUBLIC        buttonScan
  B:0020H.0       SYMBOL        BUTTON1_bit
  B:0020H.1       SYMBOL        BUTTON2_bit
  B:0020H.2       SYMBOL        BUTTON3_bit
  B:0020H.3       SYMBOL        BUTTON4_bit
  D:0098H         PUBLIC        SCON
  B:00A0H.3       PUBLIC        P23
  D:0088H         PUBLIC        TCON
  B:00A0H.4       PUBLIC        P24
  B:00A0H.5       PUBLIC        P25
  B:00A0H.6       PUBLIC        P26
  D:00F0H         PUBLIC        B
  C:4638H         PUBLIC        _getButtonState
  D:00E0H         PUBLIC        ACC
  C:4580H         PUBLIC        Button_config
  C:4A81H         SYMBOL        _digitalRead
  D:00D0H         PUBLIC        PSW
  -------         PROC          BUTTON_CONFIG
BL51 BANKED LINKER/LOCATER V6.00                                                      07/20/2017  09:51:39  PAGE 26


  -------         DO            
  X:0420H         SYMBOL        GPIO_InitStructure
  -------         ENDDO         
  C:4580H         LINE#         25
  C:4580H         LINE#         26
  C:4580H         LINE#         28
  C:4586H         LINE#         29
  C:458BH         LINE#         30
  C:4596H         LINE#         31
  C:4598H         LINE#         32
  C:459AH         LINE#         33
  C:459CH         LINE#         34
  C:459EH         LINE#         35
  -------         ENDPROC       BUTTON_CONFIG
  -------         PROC          _DIGITALREAD
  D:0006H         SYMBOL        pin
  C:4A81H         LINE#         43
  C:4A81H         LINE#         44
  C:4A81H         LINE#         45
  C:4A85H         LINE#         46
  C:4A85H         LINE#         47
  C:4A8AH         LINE#         48
  C:4A8AH         LINE#         49
  -------         ENDPROC       _DIGITALREAD
  -------         PROC          _GETBUTTONSTATE
  D:0007H         SYMBOL        BUTTON_data
  C:4638H         LINE#         61
  C:4638H         LINE#         62
  C:4638H         LINE#         63
  C:4649H         LINE#         64
  C:4649H         LINE#         65
  C:4649H         LINE#         66
  C:464CH         LINE#         67
  C:464CH         LINE#         68
  C:464CH         LINE#         69
  C:464FH         LINE#         70
  C:464FH         LINE#         71
  C:464FH         LINE#         72
  C:4652H         LINE#         73
  C:4652H         LINE#         74
  C:4652H         LINE#         75
  C:4654H         LINE#         76
  C:4654H         LINE#         77
  C:4654H         LINE#         78
  -------         ENDPROC       _GETBUTTONSTATE
  -------         PROC          BUTTONSCAN
  C:3E45H         LINE#         88
  C:3E45H         LINE#         89
  C:3E45H         LINE#         90
  C:3E50H         LINE#         91
  C:3E50H         LINE#         92
  C:3E5AH         LINE#         93
  C:3E5AH         LINE#         97
  C:3E5CH         LINE#         98
  C:3E5CH         LINE#         99
  C:3E5EH         LINE#         101
  C:3E5EH         LINE#         102
BL51 BANKED LINKER/LOCATER V6.00                                                      07/20/2017  09:51:39  PAGE 27


  C:3E60H         LINE#         103
  C:3E60H         LINE#         104
  C:3E6BH         LINE#         105
  C:3E6BH         LINE#         106
  C:3E6EH         LINE#         107
  C:3E6EH         LINE#         111
  C:3E70H         LINE#         112
  C:3E70H         LINE#         113
  C:3E72H         LINE#         115
  C:3E72H         LINE#         116
  C:3E74H         LINE#         117
  C:3E74H         LINE#         118
  C:3E7FH         LINE#         119
  C:3E7FH         LINE#         120
  C:3E82H         LINE#         121
  C:3E82H         LINE#         125
  C:3E84H         LINE#         127
  C:3E84H         LINE#         128
  C:3E86H         LINE#         130
  C:3E86H         LINE#         131
  C:3E88H         LINE#         132
  C:3E88H         LINE#         133
  C:3E93H         LINE#         134
  C:3E93H         LINE#         135
  C:3E96H         LINE#         136
  C:3E96H         LINE#         140
  C:3E98H         LINE#         142
  C:3E98H         LINE#         143
  C:3E99H         LINE#         145
  C:3E99H         LINE#         146
  C:3E9BH         LINE#         147
  C:3E9BH         LINE#         148
  -------         ENDPROC       BUTTONSCAN
  -------         ENDMOD        BUTTON

  -------         MODULE        LED
  C:0000H         SYMBOL        _ICE_DUMMY_
  D:0080H         PUBLIC        P0
  D:0090H         PUBLIC        P1
  D:00A0H         PUBLIC        P2
  D:00B0H         PUBLIC        P3
  D:00C0H         PUBLIC        P4
  D:00C8H         PUBLIC        P5
  B:0021H.0       SYMBOL        Board_LED_State
  D:00E8H         PUBLIC        P6
  D:00F8H         PUBLIC        P7
  D:00A8H         PUBLIC        IE
  C:4396H         PUBLIC        _blink
  C:425DH         PUBLIC        Board_LED_Init
  D:00B8H         PUBLIC        IP
  C:4AF1H         PUBLIC        close_Board_LED
  D:00D8H         PUBLIC        CCON
  D:0098H         PUBLIC        SCON
  D:0088H         PUBLIC        TCON
  C:4AECH         PUBLIC        open_Board_LED
  B:00C8H.5       PUBLIC        P55
  D:00F0H         PUBLIC        B
BL51 BANKED LINKER/LOCATER V6.00                                                      07/20/2017  09:51:39  PAGE 28


  D:00E0H         PUBLIC        ACC
  C:4AFAH         PUBLIC        getBoard_LED_State
  C:4ACEH         PUBLIC        _Board_LED_PWM
  D:00D0H         PUBLIC        PSW
  -------         PROC          BOARD_LED_INIT
  -------         DO            
  X:0420H         SYMBOL        GPIO_InitStructure
  -------         ENDDO         
  C:425DH         LINE#         8
  C:425DH         LINE#         9
  C:425DH         LINE#         11
  C:4263H         LINE#         12
  C:4268H         LINE#         13
  C:4273H         LINE#         14
  C:4276H         LINE#         15
  C:427BH         LINE#         16
  C:427EH         LINE#         17
  C:4283H         LINE#         18
  C:4284H         LINE#         19
  -------         ENDPROC       BOARD_LED_INIT
  -------         PROC          OPEN_BOARD_LED
  C:4AECH         LINE#         20
  C:4AECH         LINE#         21
  C:4AECH         LINE#         22
  C:4AEEH         LINE#         23
  C:4AF0H         LINE#         24
  -------         ENDPROC       OPEN_BOARD_LED
  -------         PROC          CLOSE_BOARD_LED
  C:4AF1H         LINE#         25
  C:4AF1H         LINE#         26
  C:4AF1H         LINE#         27
  C:4AF3H         LINE#         28
  C:4AF5H         LINE#         30
  -------         ENDPROC       CLOSE_BOARD_LED
  -------         PROC          _BLINK
  X:0420H         SYMBOL        time
  C:4396H         LINE#         31
  C:439BH         LINE#         32
  C:439BH         LINE#         33
  C:43A5H         LINE#         34
  C:43A5H         LINE#         35
  C:43A8H         LINE#         36
  C:43ADH         LINE#         37
  C:43B0H         LINE#         38
  C:43B5H         LINE#         40
  C:43B7H         LINE#         41
  -------         ENDPROC       _BLINK
  -------         PROC          GETBOARD_LED_STATE
  C:4AFAH         LINE#         42
  C:4AFAH         LINE#         43
  C:4AFAH         LINE#         44
  C:4AFCH         LINE#         45
  -------         ENDPROC       GETBOARD_LED_STATE
  -------         PROC          _BOARD_LED_PWM
  X:054EH         SYMBOL        luminance
  C:4ACEH         LINE#         46
  C:4AD3H         LINE#         47
BL51 BANKED LINKER/LOCATER V6.00                                                      07/20/2017  09:51:39  PAGE 29


  C:4AD3H         LINE#         48
  C:4AD3H         LINE#         49
  C:4AD3H         LINE#         52
  C:4AD3H         LINE#         54
  -------         ENDPROC       _BOARD_LED_PWM
  -------         ENDMOD        LED

  -------         MODULE        MOTOR
  C:0000H         SYMBOL        _ICE_DUMMY_
  D:0080H         PUBLIC        P0
  D:0090H         PUBLIC        P1
  D:00A0H         PUBLIC        P2
  D:00B0H         PUBLIC        P3
  D:00C0H         PUBLIC        P4
  D:00C8H         PUBLIC        P5
  D:00E8H         PUBLIC        P6
  D:00F8H         PUBLIC        P7
  D:00BAH         PUBLIC        P_SW2
  D:00A8H         PUBLIC        IE
  C:45FCH         PUBLIC        _open_DC_Motor
  D:00B8H         PUBLIC        IP
  D:00D8H         PUBLIC        CCON
  B:00A0H.2       PUBLIC        P22
  D:0098H         PUBLIC        SCON
  B:00A0H.3       PUBLIC        P23
  D:0088H         PUBLIC        TCON
  C:382AH         PUBLIC        _setDC_MotorSpeed
  D:00F0H         PUBLIC        B
  X:0533H         SYMBOL        g_DC_Motor
  C:4A1CH         PUBLIC        _getDC_MotorState
  D:00E0H         PUBLIC        ACC
  C:3C5AH         PUBLIC        DC_MOTOR_config
  C:4655H         PUBLIC        _close_DC_Motor
  D:00D0H         PUBLIC        PSW
  -------         PROC          _SETDC_MOTORSPEED
  X:0529H         SYMBOL        motor
  X:052AH         SYMBOL        speed
  C:382AH         LINE#         38
  C:382FH         LINE#         39
  C:382FH         LINE#         41
  C:384AH         LINE#         42
  C:384AH         LINE#         43
  C:3854H         LINE#         44
  C:3854H         LINE#         45
  C:386FH         LINE#         46
  C:386FH         LINE#         48
  C:3879H         LINE#         49
  C:3879H         LINE#         52
  C:3899H         LINE#         53
  C:38BBH         LINE#         54
  -------         ENDPROC       _SETDC_MOTORSPEED
  -------         PROC          _OPEN_DC_MOTOR
  X:054FH         SYMBOL        motor
  C:45FCH         LINE#         55
  C:4601H         LINE#         56
  C:4601H         LINE#         57
  C:4607H         LINE#         58
BL51 BANKED LINKER/LOCATER V6.00                                                      07/20/2017  09:51:39  PAGE 30


  C:4619H         LINE#         59
  -------         ENDPROC       _OPEN_DC_MOTOR
  -------         PROC          _CLOSE_DC_MOTOR
  X:0550H         SYMBOL        motor
  C:4655H         LINE#         60
  C:465AH         LINE#         61
  C:465AH         LINE#         62
  C:4660H         LINE#         63
  C:4671H         LINE#         67
  -------         ENDPROC       _CLOSE_DC_MOTOR
  -------         PROC          _GETDC_MOTORSTATE
  D:0007H         SYMBOL        motor
  C:4A1CH         LINE#         68
  C:4A1CH         LINE#         69
  C:4A1CH         LINE#         70
  C:4A2BH         LINE#         72
  -------         ENDPROC       _GETDC_MOTORSTATE
  -------         PROC          DC_MOTOR_CONFIG
  -------         DO            
  X:0460H         SYMBOL        GPIO_InitStructure
  X:0462H         SYMBOL        PWM_InitStructure
  -------         ENDDO         
  C:3C5AH         LINE#         80
  C:3C5AH         LINE#         81
  C:3C5AH         LINE#         85
  C:3C5FH         LINE#         88
  C:3C63H         LINE#         89
  C:3C6EH         LINE#         93
  C:3C74H         LINE#         94
  C:3C7FH         LINE#         95
  C:3C81H         LINE#         96
  C:3C83H         LINE#         99
  C:3C86H         LINE#         100
  C:3C8BH         LINE#         101
  C:3C8DH         LINE#         102
  C:3C8FH         LINE#         103
  C:3C92H         LINE#         104
  C:3C95H         LINE#         105
  C:3C97H         LINE#         106
  C:3C99H         LINE#         107
  C:3C9BH         LINE#         108
  C:3C9DH         LINE#         109
  C:3C9FH         LINE#         110
  C:3CA1H         LINE#         111
  C:3CA3H         LINE#         112
  C:3CA5H         LINE#         113
  C:3CA7H         LINE#         114
  C:3CA9H         LINE#         115
  C:3CABH         LINE#         116
  C:3CB6H         LINE#         117
  C:3CC1H         LINE#         119
  C:3CC4H         LINE#         122
  -------         ENDPROC       DC_MOTOR_CONFIG
  -------         ENDMOD        MOTOR

  -------         MODULE        SERVO
  C:0000H         SYMBOL        _ICE_DUMMY_
BL51 BANKED LINKER/LOCATER V6.00                                                      07/20/2017  09:51:39  PAGE 31


  D:0080H         PUBLIC        P0
  D:0090H         PUBLIC        P1
  D:00A0H         PUBLIC        P2
  D:00B0H         PUBLIC        P3
  D:00C0H         PUBLIC        P4
  D:00C8H         PUBLIC        P5
  D:00E8H         PUBLIC        P6
  D:00F8H         PUBLIC        P7
  D:00BAH         PUBLIC        P_SW2
  D:00A8H         PUBLIC        IE
  C:44C0H         PUBLIC        _open_STR
  C:2EC9H         PUBLIC        _set_STR_angle
  D:00B8H         PUBLIC        IP
  D:00D8H         PUBLIC        CCON
  C:2348H         PUBLIC        _Init_Str_Motor
  D:0098H         PUBLIC        SCON
  D:0088H         PUBLIC        TCON
  B:00B0H.7       PUBLIC        P37
  D:00F0H         PUBLIC        B
  D:00E0H         PUBLIC        ACC
  C:4825H         PUBLIC        _read_STR_angle
  X:02FEH         SYMBOL        str_motor
  C:459FH         PUBLIC        _close_STR
  D:00D0H         PUBLIC        PSW
  -------         PROC          _INIT_STR_MOTOR
  X:03AEH         SYMBOL        MOTOR
  X:03AFH         SYMBOL        pl
  X:03B3H         SYMBOL        ph
  X:03B7H         SYMBOL        ma
  X:03BBH         SYMBOL        n
  -------         DO            
  X:03BDH         SYMBOL        GPIO_InitStructure
  X:03BFH         SYMBOL        PWM_InitStructure
  -------         ENDDO         
  C:2348H         LINE#         43
  C:234DH         LINE#         44
  C:234DH         LINE#         47
  C:2352H         LINE#         48
  C:2356H         LINE#         49
  C:2361H         LINE#         54
  C:2363H         LINE#         56
  C:2366H         LINE#         57
  C:236BH         LINE#         58
  C:236DH         LINE#         59
  C:236FH         LINE#         60
  C:2372H         LINE#         61
  C:2375H         LINE#         62
  C:2377H         LINE#         63
  C:2379H         LINE#         64
  C:237BH         LINE#         65
  C:237DH         LINE#         66
  C:237FH         LINE#         67
  C:2383H         LINE#         68
  C:2386H         LINE#         69
  C:2388H         LINE#         70
  C:238AH         LINE#         71
  C:238CH         LINE#         72
BL51 BANKED LINKER/LOCATER V6.00                                                      07/20/2017  09:51:39  PAGE 32


  C:238EH         LINE#         73
  C:239CH         LINE#         75
  C:239FH         LINE#         76
  C:23A9H         LINE#         77
  C:23B5H         LINE#         78
  C:23D8H         LINE#         79
  C:23F7H         LINE#         80
  C:2416H         LINE#         81
  C:2431H         LINE#         82
  C:24B3H         LINE#         83
  C:2506H         LINE#         84
  C:251BH         LINE#         85
  -------         ENDPROC       _INIT_STR_MOTOR
  -------         PROC          _SET_STR_ANGLE
  X:04BCH         SYMBOL        MOTOR
  X:04BDH         SYMBOL        angle
  -------         DO            
  X:04C1H         SYMBOL        str_duty
  -------         ENDDO         
  C:2EC9H         LINE#         96
  C:2ECEH         LINE#         97
  C:2ECEH         LINE#         99
  C:2EEFH         LINE#         100
  C:2F6CH         LINE#         110
  C:2F6CH         LINE#         111
  C:2F95H         LINE#         112
  C:2FB1H         LINE#         113
  C:2FB1H         LINE#         114
  -------         ENDPROC       _SET_STR_ANGLE
  -------         PROC          _READ_STR_ANGLE
  D:0007H         SYMBOL        MOTOR
  C:4825H         LINE#         125
  C:4825H         LINE#         126
  C:4825H         LINE#         127
  C:483EH         LINE#         128
  -------         ENDPROC       _READ_STR_ANGLE
  -------         PROC          _OPEN_STR
  X:0551H         SYMBOL        MOTOR
  C:44C0H         LINE#         129
  C:44C5H         LINE#         130
  C:44C5H         LINE#         131
  C:44C8H         LINE#         132
[...]
  C:3A57H         LINE#         379
  C:3A66H         LINE#         381
  C:3A6BH         LINE#         382
  C:3A6BH         LINE#         383
  C:3A6EH         LINE#         384
  C:3A74H         LINE#         385
  C:3A74H         LINE#         386
  C:3A7FH         LINE#         387
  C:3A93H         LINE#         388
  C:3A99H         LINE#         389
  C:3A99H         LINE#         390
  C:3A99H         LINE#         392
  C:3A9EH         LINE#         393
  C:3A9EH         LINE#         394
  C:3AA1H         LINE#         395
  C:3AAEH         LINE#         396
  C:3AAEH         LINE#         397
  C:3ABBH         LINE#         398
  C:3AC8H         LINE#         399
  C:3ACAH         LINE#         400
  C:3ACFH         LINE#         401
  C:3ACFH         LINE#         403
  -------         ENDPROC       UART3_INT
  -------         PROC          UART4_INT
  C:3ADCH         LINE#         407
  C:3AEBH         LINE#         409
  C:3AF0H         LINE#         410
  C:3AF0H         LINE#         411
  C:3AF3H         LINE#         412
BL51 BANKED LINKER/LOCATER V6.00                                                      07/20/2017  09:51:39  PAGE 81


  C:3AF9H         LINE#         413
  C:3AF9H         LINE#         414
  C:3B04H         LINE#         415
  C:3B18H         LINE#         416
  C:3B1EH         LINE#         417
  C:3B1EH         LINE#         418
  C:3B1EH         LINE#         420
  C:3B23H         LINE#         421
  C:3B23H         LINE#         422
  C:3B26H         LINE#         423
  C:3B33H         LINE#         424
  C:3B33H         LINE#         425
  C:3B40H         LINE#         426
  C:3B4DH         LINE#         427
  C:3B4FH         LINE#         428
  C:3B54H         LINE#         429
  C:3B54H         LINE#         431
  -------         ENDPROC       UART4_INT
  -------         ENDMOD        USART1

  -------         MODULE        STC15_EEPROM
  C:0000H         SYMBOL        _ICE_DUMMY_
  D:0080H         PUBLIC        P0
  D:0090H         PUBLIC        P1
  D:00A0H         PUBLIC        P2
  D:00B0H         PUBLIC        P3
  C:4A67H         PUBLIC        DisableEEPROM
  D:00C0H         PUBLIC        P4
  D:00C8H         PUBLIC        P5
  D:00C6H         PUBLIC        ISP_TRIG
  B:00A8H.7       PUBLIC        EA
  D:00E8H         PUBLIC        P6
  D:00F8H         PUBLIC        P7
  D:00A8H         PUBLIC        IE
  C:4560H         PUBLIC        _EEPROM_SectorErase
  C:40A4H         PUBLIC        _EEPROM_read_n
  D:00B8H         PUBLIC        IP
  D:00C5H         PUBLIC        ISP_CMD
  D:00D8H         PUBLIC        CCON
  C:40E3H         PUBLIC        _EEPROM_write_n
  D:00C3H         PUBLIC        ISP_ADDRH
  D:0098H         PUBLIC        SCON
  D:0088H         PUBLIC        TCON
  D:00C4H         PUBLIC        ISP_ADDRL
  D:00F0H         PUBLIC        B
  D:00E0H         PUBLIC        ACC
  D:00C7H         PUBLIC        ISP_CONTR
  D:00C2H         PUBLIC        ISP_DATA
  D:00D0H         PUBLIC        PSW
  -------         PROC          DISABLEEEPROM
  C:4A67H         LINE#         30
  C:4A67H         LINE#         31
  C:4A67H         LINE#         32
  C:4A6AH         LINE#         33
  C:4A6CH         LINE#         34
  C:4A6EH         LINE#         35
  C:4A71H         LINE#         36
BL51 BANKED LINKER/LOCATER V6.00                                                      07/20/2017  09:51:39  PAGE 82


  C:4A74H         LINE#         37
  -------         ENDPROC       DISABLEEEPROM
  -------         PROC          _EEPROM_READ_N
  D:0004H         SYMBOL        EE_address
  D:0001H         SYMBOL        DataAddress
  X:04E1H         SYMBOL        number
  C:40A4H         LINE#         49
  C:40A8H         LINE#         50
  C:40A8H         LINE#         51
  C:40AAH         LINE#         52
  C:40ADH         LINE#         53
  C:40B0H         LINE#         55
  C:40B0H         LINE#         56
  C:40B3H         LINE#         57
  C:40B7H         LINE#         58
  C:40BDH         LINE#         61
  C:40BEH         LINE#         62
  C:40C3H         LINE#         63
  C:40C8H         LINE#         64
  C:40CFH         LINE#         65
  C:40DDH         LINE#         67
  C:40E0H         LINE#         68
  C:40E2H         LINE#         69
  -------         ENDPROC       _EEPROM_READ_N
  -------         PROC          _EEPROM_SECTORERASE
  D:0004H         SYMBOL        EE_address
  C:4560H         LINE#         80
  C:4564H         LINE#         81
  C:4564H         LINE#         82
  C:4566H         LINE#         85
  C:4569H         LINE#         86
  C:456DH         LINE#         87
  C:4570H         LINE#         88
  C:4573H         LINE#         89
  C:4579H         LINE#         90
  C:457AH         LINE#         91
  C:457DH         LINE#         92
  C:457FH         LINE#         93
  -------         ENDPROC       _EEPROM_SECTORERASE
  -------         PROC          _EEPROM_WRITE_N
  D:0004H         SYMBOL        EE_address
  D:0001H         SYMBOL        DataAddress
  X:04E8H         SYMBOL        number
  C:40E3H         LINE#         104
  C:40E7H         LINE#         105
  C:40E7H         LINE#         106
  C:40E9H         LINE#         108
  C:40ECH         LINE#         109
  C:40EFH         LINE#         111
  C:40EFH         LINE#         112
  C:40F2H         LINE#         113
  C:40F6H         LINE#         114
  C:40FBH         LINE#         115
  C:4101H         LINE#         116
  C:4102H         LINE#         117
  C:4107H         LINE#         118
  C:410EH         LINE#         119
BL51 BANKED LINKER/LOCATER V6.00                                                      07/20/2017  09:51:39  PAGE 83


  C:411CH         LINE#         121
  C:411FH         LINE#         122
  C:4121H         LINE#         123
  -------         ENDPROC       _EEPROM_WRITE_N
  -------         ENDMOD        STC15_EEPROM

  -------         MODULE        ?C?FPADD
  C:0807H         PUBLIC        ?C?FPADD
  C:0803H         PUBLIC        ?C?FPSUB
  -------         ENDMOD        ?C?FPADD

  -------         MODULE        ?C?FPMUL
  C:08F8H         PUBLIC        ?C?FPMUL
  -------         ENDMOD        ?C?FPMUL

  -------         MODULE        ?C?FPDIV
  C:0A01H         PUBLIC        ?C?FPDIV
  -------         ENDMOD        ?C?FPDIV

  -------         MODULE        ?C?FPCMP
  C:0AA0H         PUBLIC        ?C?FPCMP
  C:0A9EH         PUBLIC        ?C?FPCMP3
  -------         ENDMOD        ?C?FPCMP

  -------         MODULE        ?C?FCAST
  C:0B15H         PUBLIC        ?C?FCASTC
  C:0B10H         PUBLIC        ?C?FCASTI
  C:0B0BH         PUBLIC        ?C?FCASTL
  -------         ENDMOD        ?C?FCAST

  -------         MODULE        ?C?CASTF
  C:0B49H         PUBLIC        ?C?CASTF
  -------         ENDMOD        ?C?CASTF

  -------         MODULE        ?C?CLDPTR
  C:0BCAH         PUBLIC        ?C?CLDPTR
  -------         ENDMOD        ?C?CLDPTR

  -------         MODULE        ?C?CLDOPTR
  C:0BE3H         PUBLIC        ?C?CLDOPTR
  -------         ENDMOD        ?C?CLDOPTR

  -------         MODULE        ?C?CSTPTR
  C:0C10H         PUBLIC        ?C?CSTPTR
  -------         ENDMOD        ?C?CSTPTR

  -------         MODULE        ?C?CSTOPTR
  C:0C22H         PUBLIC        ?C?CSTOPTR
  -------         ENDMOD        ?C?CSTOPTR

  -------         MODULE        ?C?IMUL
  C:0C44H         PUBLIC        ?C?IMUL
  -------         ENDMOD        ?C?IMUL

  -------         MODULE        ?C?UIDIV
  C:0C56H         PUBLIC        ?C?UIDIV
  -------         ENDMOD        ?C?UIDIV
BL51 BANKED LINKER/LOCATER V6.00                                                      07/20/2017  09:51:39  PAGE 84



  -------         MODULE        ?C?IILDX
  C:0CABH         PUBLIC        ?C?IILDX
  -------         ENDMOD        ?C?IILDX

  -------         MODULE        ?C?ILDIX
  C:0CC1H         PUBLIC        ?C?ILDIX
  -------         ENDMOD        ?C?ILDIX

  -------         MODULE        ?C?ILDOPTR
  C:0CD7H         PUBLIC        ?C?ILDOPTR
  -------         ENDMOD        ?C?ILDOPTR

  -------         MODULE        ?C?LMUL
  C:0D0FH         PUBLIC        ?C?LMUL
  -------         ENDMOD        ?C?LMUL

  -------         MODULE        ?C?ULDIV
  C:0D9AH         PUBLIC        ?C?ULDIV
  -------         ENDMOD        ?C?ULDIV

  -------         MODULE        ?C?SLDIV
  C:401DH         PUBLIC        ?C?SLDIV
  -------         ENDMOD        ?C?SLDIV

  -------         MODULE        ?C?LNEG
  C:0E2CH         PUBLIC        ?C?LNEG
  -------         ENDMOD        ?C?LNEG

  -------         MODULE        ?C?ULCMP
  C:0E3AH         PUBLIC        ?C?ULCMP
  -------         ENDMOD        ?C?ULCMP

  -------         MODULE        ?C?ULSHR
  C:0E4BH         PUBLIC        ?C?ULSHR
  -------         ENDMOD        ?C?ULSHR

  -------         MODULE        ?C?LLDOPTR0
  C:0E5EH         PUBLIC        ?C?LLDOPTR0
  -------         ENDMOD        ?C?LLDOPTR0

  -------         MODULE        ?C?LLDIXDATA
  C:0E97H         PUBLIC        ?C?LLDIXDATA
  C:0E8EH         PUBLIC        ?C?LLDIXDATA1
  C:0E90H         PUBLIC        ?C?LLDIXDATA8
  -------         ENDMOD        ?C?LLDIXDATA

  -------         MODULE        ?C?LSTXDATA
  C:0EC3H         PUBLIC        ?C?LSTXDATA
  -------         ENDMOD        ?C?LSTXDATA

  -------         MODULE        ?C?LSTKXDATA
  C:0ECFH         PUBLIC        ?C?LSTKXDATA
  -------         ENDMOD        ?C?LSTKXDATA

  -------         MODULE        ?C?LLDIDATA0
  C:0F00H         PUBLIC        ?C?LLDIDATA0
BL51 BANKED LINKER/LOCATER V6.00                                                      07/20/2017  09:51:39  PAGE 85


  -------         ENDMOD        ?C?LLDIDATA0

  -------         MODULE        ?C?LLDXDATA0
  C:0F0DH         PUBLIC        ?C?LLDXDATA0
  -------         ENDMOD        ?C?LLDXDATA0

  -------         MODULE        ?C?LLDPDATA0
  C:0F19H         PUBLIC        ?C?LLDPDATA0
  -------         ENDMOD        ?C?LLDPDATA0

  -------         MODULE        ?C?LLDCODE0
  C:0F26H         PUBLIC        ?C?LLDCODE0
  -------         ENDMOD        ?C?LLDCODE0

*** WARNING L16: UNCALLED SEGMENT, IGNORED FOR OVERLAY PROCESS
    SEGMENT: ?PR?MODE1?MODE

*** WARNING L16: UNCALLED SEGMENT, IGNORED FOR OVERLAY PROCESS
    SEGMENT: ?PR?MODE2?MODE

*** WARNING L16: UNCALLED SEGMENT, IGNORED FOR OVERLAY PROCESS
    SEGMENT: ?PR?MODE3?MODE

*** WARNING L16: UNCALLED SEGMENT, IGNORED FOR OVERLAY PROCESS
    SEGMENT: ?PR?MODE4?MODE

*** WARNING L16: UNCALLED SEGMENT, IGNORED FOR OVERLAY PROCESS
    SEGMENT: ?PR?MODELAUNCHER?MODE

*** WARNING L16: UNCALLED SEGMENT, IGNORED FOR OVERLAY PROCESS
    SEGMENT: ?PR?_PID_CONFIG?PID

*** WARNING L16: UNCALLED SEGMENT, IGNORED FOR OVERLAY PROCESS
    SEGMENT: ?PR?_OPENPID?PID

*** WARNING L16: UNCALLED SEGMENT, IGNORED FOR OVERLAY PROCESS
    SEGMENT: ?PR?_CLOSEPID?PID

*** WARNING L16: UNCALLED SEGMENT, IGNORED FOR OVERLAY PROCESS
    SEGMENT: ?PR?_PID?PID

*** WARNING L16: UNCALLED SEGMENT, IGNORED FOR OVERLAY PROCESS
    SEGMENT: ?PR?_SETPARAMETERINFERIORLIMIT?PID

*** WARNING L16: UNCALLED SEGMENT, IGNORED FOR OVERLAY PROCESS
    SEGMENT: ?PR?_SETPARAMETERUPPERLIMIT?PID

*** WARNING L16: UNCALLED SEGMENT, IGNORED FOR OVERLAY PROCESS
    SEGMENT: ?PR?_SETACTUALPARAMETER?PID

*** WARNING L16: UNCALLED SEGMENT, IGNORED FOR OVERLAY PROCESS
    SEGMENT: ?PR?_SETKI?PID

*** WARNING L16: UNCALLED SEGMENT, IGNORED FOR OVERLAY PROCESS
    SEGMENT: ?PR?_SETKP?PID

*** WARNING L16: UNCALLED SEGMENT, IGNORED FOR OVERLAY PROCESS
BL51 BANKED LINKER/LOCATER V6.00                                                      07/20/2017  09:51:39  PAGE 86


    SEGMENT: ?PR?_SETKD?PID

*** WARNING L16: UNCALLED SEGMENT, IGNORED FOR OVERLAY PROCESS
    SEGMENT: ?PR?_SETPARAMETER?PID

*** WARNING L16: UNCALLED SEGMENT, IGNORED FOR OVERLAY PROCESS
    SEGMENT: ?PR?_GETPARAMETER?PID

*** WARNING L16: UNCALLED SEGMENT, IGNORED FOR OVERLAY PROCESS
    SEGMENT: ?PR?_GETERR?PID

*** WARNING L16: UNCALLED SEGMENT, IGNORED FOR OVERLAY PROCESS
    SEGMENT: ?PR?_GETERRLAST?PID

*** WARNING L16: UNCALLED SEGMENT, IGNORED FOR OVERLAY PROCESS
    SEGMENT: ?PR?_GETKP?PID

*** WARNING L16: UNCALLED SEGMENT, IGNORED FOR OVERLAY PROCESS
    SEGMENT: ?PR?_GETKI?PID

*** WARNING L16: UNCALLED SEGMENT, IGNORED FOR OVERLAY PROCESS
    SEGMENT: ?PR?_GETKD?PID

*** WARNING L16: UNCALLED SEGMENT, IGNORED FOR OVERLAY PROCESS
    SEGMENT: ?PR?_GETOUTPUT?PID

*** WARNING L16: UNCALLED SEGMENT, IGNORED FOR OVERLAY PROCESS
    SEGMENT: ?PR?_GETINTEGRAL?PID

*** WARNING L16: UNCALLED SEGMENT, IGNORED FOR OVERLAY PROCESS
    SEGMENT: ?PR?_SENDSCOPEDATA?DATASCOPE_DP

*** WARNING L16: UNCALLED SEGMENT, IGNORED FOR OVERLAY PROCESS
    SEGMENT: ?PR?_WRITEDATA?STORAGE

*** WARNING L16: UNCALLED SEGMENT, IGNORED FOR OVERLAY PROCESS
    SEGMENT: ?PR?_GETBUTTONSTATE?BUTTON

*** WARNING L16: UNCALLED SEGMENT, IGNORED FOR OVERLAY PROCESS
    SEGMENT: ?PR?BUTTONSCAN?BUTTON

*** WARNING L16: UNCALLED SEGMENT, IGNORED FOR OVERLAY PROCESS
    SEGMENT: ?PR?GETBOARD_LED_STATE?LED

*** WARNING L16: UNCALLED SEGMENT, IGNORED FOR OVERLAY PROCESS
    SEGMENT: ?PR?_BOARD_LED_PWM?LED

*** WARNING L16: UNCALLED SEGMENT, IGNORED FOR OVERLAY PROCESS
    SEGMENT: ?PR?_SETDC_MOTORSPEED?MOTOR

*** WARNING L16: UNCALLED SEGMENT, IGNORED FOR OVERLAY PROCESS
    SEGMENT: ?PR?_OPEN_DC_MOTOR?MOTOR

*** WARNING L16: UNCALLED SEGMENT, IGNORED FOR OVERLAY PROCESS
    SEGMENT: ?PR?_CLOSE_DC_MOTOR?MOTOR

*** WARNING L16: UNCALLED SEGMENT, IGNORED FOR OVERLAY PROCESS
BL51 BANKED LINKER/LOCATER V6.00                                                      07/20/2017  09:51:39  PAGE 87


    SEGMENT: ?PR?_GETDC_MOTORSTATE?MOTOR

*** WARNING L16: UNCALLED SEGMENT, IGNORED FOR OVERLAY PROCESS
    SEGMENT: ?PR?DC_MOTOR_CONFIG?MOTOR

*** WARNING L16: UNCALLED SEGMENT, IGNORED FOR OVERLAY PROCESS
    SEGMENT: ?PR?_INIT_STR_MOTOR?SERVO

*** WARNING L16: UNCALLED SEGMENT, IGNORED FOR OVERLAY PROCESS
    SEGMENT: ?PR?_SET_STR_ANGLE?SERVO

*** WARNING L16: UNCALLED SEGMENT, IGNORED FOR OVERLAY PROCESS
    SEGMENT: ?PR?_READ_STR_ANGLE?SERVO

*** WARNING L16: UNCALLED SEGMENT, IGNORED FOR OVERLAY PROCESS
    SEGMENT: ?PR?_OPEN_STR?SERVO

*** WARNING L16: UNCALLED SEGMENT, IGNORED FOR OVERLAY PROCESS
    SEGMENT: ?PR?_CLOSE_STR?SERVO

*** WARNING L16: UNCALLED SEGMENT, IGNORED FOR OVERLAY PROCESS
    SEGMENT: ?PR?_SETSTEPMOTORWITHROUND?STEP_MOTOR

*** WARNING L16: UNCALLED SEGMENT, IGNORED FOR OVERLAY PROCESS
    SEGMENT: ?PR?_GETSTEPMOTORSTATE?STEP_MOTOR

*** WARNING L16: UNCALLED SEGMENT, IGNORED FOR OVERLAY PROCESS
    SEGMENT: ?PR?_SETSTEPMOTORDIVERSION?STEP_MOTOR

*** WARNING L16: UNCALLED SEGMENT, IGNORED FOR OVERLAY PROCESS
    SEGMENT: ?PR?_CLOSE_STEPMOTOR?STEP_MOTOR

*** WARNING L16: UNCALLED SEGMENT, IGNORED FOR OVERLAY PROCESS
    SEGMENT: ?PR?_OPEN_STEPMOTOR?STEP_MOTOR

*** WARNING L16: UNCALLED SEGMENT, IGNORED FOR OVERLAY PROCESS
    SEGMENT: ?PR?_FREESTEPMOTOR?STEP_MOTOR

*** WARNING L16: UNCALLED SEGMENT, IGNORED FOR OVERLAY PROCESS
    SEGMENT: ?PR?_LOCKSTEPMOTOR?STEP_MOTOR

*** WARNING L16: UNCALLED SEGMENT, IGNORED FOR OVERLAY PROCESS
    SEGMENT: ?PR?_STEPMOTOR_INIT?STEP_MOTOR

*** WARNING L16: UNCALLED SEGMENT, IGNORED FOR OVERLAY PROCESS
    SEGMENT: ?PR?_SETRELAY?RELAY

*** WARNING L16: UNCALLED SEGMENT, IGNORED FOR OVERLAY PROCESS
    SEGMENT: ?PR?_UNSETRELAY?RELAY

*** WARNING L16: UNCALLED SEGMENT, IGNORED FOR OVERLAY PROCESS
    SEGMENT: ?PR?RELAY_INIT?RELAY

*** WARNING L16: UNCALLED SEGMENT, IGNORED FOR OVERLAY PROCESS
    SEGMENT: ?PR?_ADC_CONFIG?ANGLE

*** WARNING L16: UNCALLED SEGMENT, IGNORED FOR OVERLAY PROCESS
BL51 BANKED LINKER/LOCATER V6.00                                                      07/20/2017  09:51:39  PAGE 88


    SEGMENT: ?PR?GETANGLE?ANGLE

*** WARNING L16: UNCALLED SEGMENT, IGNORED FOR OVERLAY PROCESS
    SEGMENT: ?PR?_LCD1602_WRITE_WORD?LCD1602

*** WARNING L16: UNCALLED SEGMENT, IGNORED FOR OVERLAY PROCESS
    SEGMENT: ?PR?LCD1602_INIT?LCD1602

*** WARNING L16: UNCALLED SEGMENT, IGNORED FOR OVERLAY PROCESS
    SEGMENT: ?PR?_HC595_INIT?74HC595

*** WARNING L16: UNCALLED SEGMENT, IGNORED FOR OVERLAY PROCESS
    SEGMENT: ?PR?_HC595SENDDATA?74HC595

*** WARNING L16: UNCALLED SEGMENT, IGNORED FOR OVERLAY PROCESS
    SEGMENT: ?PR?_GETPULSERSTATE?FIXEDPULSER

*** WARNING L16: UNCALLED SEGMENT, IGNORED FOR OVERLAY PROCESS
    SEGMENT: ?PR?_ADC_POWERCONTROL?ADC

*** WARNING L16: UNCALLED SEGMENT, IGNORED FOR OVERLAY PROCESS
    SEGMENT: ?PR?_SETPINSTATE?GPIO

*** WARNING L16: UNCALLED SEGMENT, IGNORED FOR OVERLAY PROCESS
    SEGMENT: ?PR?_PWMN_UPDATE?PCA

*** WARNING L16: UNCALLED SEGMENT, IGNORED FOR OVERLAY PROCESS
    SEGMENT: ?PR?_PCA_INIT?PCA

*** WARNING L16: UNCALLED SEGMENT, IGNORED FOR OVERLAY PROCESS
    SEGMENT: ?PR?_PWMOUTPUT?PCA

*** WARNING L16: UNCALLED SEGMENT, IGNORED FOR OVERLAY PROCESS
    SEGMENT: ?PR?_GET_PWM_PERIOD?STC15_PWM

*** WARNING L16: UNCALLED SEGMENT, IGNORED FOR OVERLAY PROCESS
    SEGMENT: ?PR?_GET_PWM_N_DUTY?STC15_PWM

*** WARNING L16: UNCALLED SEGMENT, IGNORED FOR OVERLAY PROCESS
    SEGMENT: ?PR?_GETPWM_DIV?STC15_PWM

*** WARNING L16: UNCALLED SEGMENT, IGNORED FOR OVERLAY PROCESS
    SEGMENT: ?PR?OPEN_PWM_ALL?STC15_PWM

*** WARNING L16: UNCALLED SEGMENT, IGNORED FOR OVERLAY PROCESS
    SEGMENT: ?PR?CLOSE_PWM_ALL?STC15_PWM

*** WARNING L16: UNCALLED SEGMENT, IGNORED FOR OVERLAY PROCESS
    SEGMENT: ?PR?_GET_PWM_N_STATE?STC15_PWM

*** WARNING L16: UNCALLED SEGMENT, IGNORED FOR OVERLAY PROCESS
    SEGMENT: ?PR?TIMERINIT?TIMER

*** WARNING L16: UNCALLED SEGMENT, IGNORED FOR OVERLAY PROCESS
    SEGMENT: ?PR?_SETTIMEOUT?TIMER

*** WARNING L16: UNCALLED SEGMENT, IGNORED FOR OVERLAY PROCESS
BL51 BANKED LINKER/LOCATER V6.00                                                      07/20/2017  09:51:39  PAGE 89


    SEGMENT: ?PR?_GETTIMEROUT?TIMER

*** WARNING L16: UNCALLED SEGMENT, IGNORED FOR OVERLAY PROCESS
    SEGMENT: ?PR?_SETTIMERHERTZ?TIMER

*** WARNING L16: UNCALLED SEGMENT, IGNORED FOR OVERLAY PROCESS
    SEGMENT: ?PR?_GETTIMERHERTZ?TIMER

*** WARNING L16: UNCALLED SEGMENT, IGNORED FOR OVERLAY PROCESS
    SEGMENT: ?PR?_STOPTIMER?TIMER

*** WARNING L16: UNCALLED SEGMENT, IGNORED FOR OVERLAY PROCESS
    SEGMENT: ?PR?_ISSTOPPED?TIMER

*** WARNING L16: UNCALLED SEGMENT, IGNORED FOR OVERLAY PROCESS
    SEGMENT: ?PR?_ONRESTARTTIMER?TIMER

*** WARNING L16: UNCALLED SEGMENT, IGNORED FOR OVERLAY PROCESS
    SEGMENT: ?PR?GETMICROS?TIMER

*** WARNING L16: UNCALLED SEGMENT, IGNORED FOR OVERLAY PROCESS
    SEGMENT: ?PR?GETMILLIS?TIMER

*** WARNING L16: UNCALLED SEGMENT, IGNORED FOR OVERLAY PROCESS
    SEGMENT: ?PR?GETSECONDS?TIMER

*** WARNING L16: UNCALLED SEGMENT, IGNORED FOR OVERLAY PROCESS
    SEGMENT: ?PR?GETMINUTES?TIMER

*** WARNING L16: UNCALLED SEGMENT, IGNORED FOR OVERLAY PROCESS
    SEGMENT: ?PR?GETHOURS?TIMER

*** WARNING L16: UNCALLED SEGMENT, IGNORED FOR OVERLAY PROCESS
    SEGMENT: ?PR?GETDAYS?TIMER

*** WARNING L16: UNCALLED SEGMENT, IGNORED FOR OVERLAY PROCESS
    SEGMENT: ?PR?_PRINTSTRING2?USART1

*** WARNING L16: UNCALLED SEGMENT, IGNORED FOR OVERLAY PROCESS
    SEGMENT: ?PR?_PRINTSTRING3?USART1

*** WARNING L16: UNCALLED SEGMENT, IGNORED FOR OVERLAY PROCESS
    SEGMENT: ?PR?_PRINTSTRING4?USART1

*** WARNING L16: UNCALLED SEGMENT, IGNORED FOR OVERLAY PROCESS
    SEGMENT: ?PR?_EEPROM_READ_N?STC15_EEPROM

*** WARNING L16: UNCALLED SEGMENT, IGNORED FOR OVERLAY PROCESS
    SEGMENT: ?PR?_EEPROM_SECTORERASE?STC15_EEPROM

*** WARNING L16: UNCALLED SEGMENT, IGNORED FOR OVERLAY PROCESS
    SEGMENT: ?PR?_EEPROM_WRITE_N?STC15_EEPROM

******************************************************************************
* RESTRICTED VERSION WITH FFFFH BYTE CODE SIZE LIMIT; USED: 3B20H BYTE (23%) *
******************************************************************************

BL51 BANKED LINKER/LOCATER V6.00                                                      07/20/2017  09:51:39  PAGE 90


Program Size: data=19.3 xdata=1374 code=17196
LINK/LOCATE RUN COMPLETE.  89 WARNING(S),  0 ERROR(S)
